
> my-app@0.0.0 build
> tsc -b && vite build

src/components/common/base-filters/BaseFilters.tsx(2,1): error TS6133: 'React' is declared but its value is never read.
src/components/common/base-filters/BaseFilters.tsx(84,40): error TS2367: This comparison appears to be unintentional because the types '"select" | "search" | "text" | "checkbox" | "date"' and '"custom"' have no overlap.
src/components/common/base-filters/BaseFilters.tsx(85,29): error TS2339: Property 'render' does not exist on type 'FilterConfig'.
src/components/common/base-filters/BaseFilters.tsx(92,29): error TS2339: Property 'render' does not exist on type 'FilterConfig'.
src/components/common/base-filters/BaseFilters.tsx(94,28): error TS7006: Parameter 'value' implicitly has an 'any' type.
src/components/common/base-table/BaseTable.tsx(70,9): error TS6133: 'handleCustomAction' is declared but its value is never read.
src/components/common/base-table/BaseTable.tsx(88,12): error TS2559: Type '{ children: Element[]; }' has no properties in common with type 'IntrinsicAttributes & RefAttributes<unknown>'.
src/components/common/base-table/BaseTable.tsx(89,14): error TS2559: Type '{ children: Element; }' has no properties in common with type 'IntrinsicAttributes & RefAttributes<unknown>'.
src/components/common/base-table/BaseTable.tsx(90,16): error TS2559: Type '{ children: (false | Element | Element[])[]; }' has no properties in common with type 'IntrinsicAttributes & RefAttributes<unknown>'.
src/components/common/base-table/BaseTable.tsx(92,20): error TS2322: Type '{ children: string; key: number; className: any; }' is not assignable to type 'IntrinsicAttributes & RefAttributes<unknown>'.
  Property 'children' does not exist on type 'IntrinsicAttributes & RefAttributes<unknown>'.
src/components/common/base-table/BaseTable.tsx(92,60): error TS2339: Property 'className' does not exist on type 'TableColumn<T>'.
src/components/common/base-table/BaseTable.tsx(96,33): error TS2322: Type '{ children: string; className: string; }' is not assignable to type 'IntrinsicAttributes & RefAttributes<unknown>'.
  Property 'children' does not exist on type 'IntrinsicAttributes & RefAttributes<unknown>'.
src/components/common/base-table/BaseTable.tsx(99,14): error TS2559: Type '{ children: Element[]; }' has no properties in common with type 'IntrinsicAttributes & RefAttributes<unknown>'.
src/components/common/base-table/BaseTable.tsx(101,18): error TS2322: Type '{ children: (false | Element | Element[])[]; key: number; }' is not assignable to type 'IntrinsicAttributes & RefAttributes<unknown>'.
  Property 'children' does not exist on type 'IntrinsicAttributes & RefAttributes<unknown>'.
src/components/common/base-table/BaseTable.tsx(103,22): error TS2322: Type '{ children: Element; key: number; }' is not assignable to type 'IntrinsicAttributes & RefAttributes<unknown>'.
  Property 'children' does not exist on type 'IntrinsicAttributes & RefAttributes<unknown>'.
src/components/common/base-table/BaseTable.tsx(108,22): error TS2559: Type '{ children: Element; }' has no properties in common with type 'IntrinsicAttributes & RefAttributes<unknown>'.
src/components/common/base-table/BaseTable.tsx(124,10): error TS2559: Type '{ children: Element[]; }' has no properties in common with type 'IntrinsicAttributes & RefAttributes<unknown>'.
src/components/common/base-table/BaseTable.tsx(125,12): error TS2559: Type '{ children: Element; }' has no properties in common with type 'IntrinsicAttributes & RefAttributes<unknown>'.
src/components/common/base-table/BaseTable.tsx(126,14): error TS2559: Type '{ children: (false | Element | Element[])[]; }' has no properties in common with type 'IntrinsicAttributes & RefAttributes<unknown>'.
src/components/common/base-table/BaseTable.tsx(128,18): error TS2322: Type '{ children: string; key: number; className: string; }' is not assignable to type 'IntrinsicAttributes & RefAttributes<unknown>'.
  Property 'children' does not exist on type 'IntrinsicAttributes & RefAttributes<unknown>'.
src/components/common/base-table/BaseTable.tsx(130,40): error TS2339: Property 'className' does not exist on type 'TableColumn<T>'.
src/components/common/base-table/BaseTable.tsx(137,31): error TS2322: Type '{ children: string; className: string; }' is not assignable to type 'IntrinsicAttributes & RefAttributes<unknown>'.
  Property 'children' does not exist on type 'IntrinsicAttributes & RefAttributes<unknown>'.
src/components/common/base-table/BaseTable.tsx(140,12): error TS2559: Type '{ children: Element | Element[]; }' has no properties in common with type 'IntrinsicAttributes & RefAttributes<unknown>'.
src/components/common/base-table/BaseTable.tsx(142,14): error TS2559: Type '{ children: Element; }' has no properties in common with type 'IntrinsicAttributes & RefAttributes<unknown>'.
src/components/common/base-table/BaseTable.tsx(143,16): error TS2322: Type '{ children: Element; colSpan: number; className: string; }' is not assignable to type 'IntrinsicAttributes & RefAttributes<unknown>'.
  Property 'children' does not exist on type 'IntrinsicAttributes & RefAttributes<unknown>'.
src/components/common/base-table/BaseTable.tsx(155,18): error TS2322: Type '{ children: (false | Element | Element[])[]; key: string; className: string; }' is not assignable to type 'IntrinsicAttributes & RefAttributes<unknown>'.
  Property 'children' does not exist on type 'IntrinsicAttributes & RefAttributes<unknown>'.
src/components/common/base-table/BaseTable.tsx(157,22): error TS2322: Type '{ children: ReactNode; key: number; className: string; }' is not assignable to type 'IntrinsicAttributes & RefAttributes<unknown>'.
  Property 'children' does not exist on type 'IntrinsicAttributes & RefAttributes<unknown>'.
src/components/common/base-table/BaseTable.tsx(159,44): error TS2339: Property 'className' does not exist on type 'TableColumn<T>'.
src/components/common/base-table/BaseTable.tsx(170,22): error TS2559: Type '{ children: Element; }' has no properties in common with type 'IntrinsicAttributes & RefAttributes<unknown>'.
src/components/common/cards/FerramentasCardManager.tsx(14,3): error TS6133: 'Settings' is declared but its value is never read.
src/components/common/cards/FerramentasCardManager.tsx(15,3): error TS6133: 'Calendar' is declared but its value is never read.
src/components/common/cards/FerramentasCardManager.tsx(46,3): error TS6133: 'showCondicao' is declared but its value is never read.
src/components/common/cards/FerramentasCardManager.tsx(91,9): error TS6133: 'getCondicaoColor' is declared but its value is never read.
src/components/common/CEPInput.tsx(1,8): error TS6133: 'React' is declared but its value is never read.
src/components/common/CidadeSelect.tsx(1,8): error TS6133: 'React' is declared but its value is never read.
src/components/common/ConcessionariaSelect.tsx(1,8): error TS6133: 'React' is declared but its value is never read.
src/components/common/default-redirect.tsx(11,20): error TS18048: 'user.roles' is possibly 'undefined'.
src/components/common/default-redirect.tsx(11,35): error TS2339: Property 'name' does not exist on type 'string | Role'.
  Property 'name' does not exist on type 'string'.
src/components/common/ErrorBoundary.tsx(30,21): error TS6133: 'error' is declared but its value is never read.
src/components/common/ErrorBoundary.tsx(30,35): error TS6133: 'errorInfo' is declared but its value is never read.
src/components/common/EstadoSelect.tsx(1,8): error TS6133: 'React' is declared but its value is never read.
src/components/common/GerenteSelect.tsx(1,8): error TS6133: 'React' is declared but its value is never read.
src/components/common/GerenteSelect.tsx(36,14): error TS2339: Property 'name' does not exist on type 'string'.
src/components/common/GerenteSelect.tsx(36,41): error TS2339: Property 'name' does not exist on type 'string'.
src/components/common/GerenteSelect.tsx(54,54): error TS2339: Property 'name' does not exist on type 'string'.
src/components/common/GerenteSelect.tsx(92,42): error TS2339: Property 'nome' does not exist on type 'string'.
src/components/common/GerenteSelect.tsx(105,62): error TS2339: Property 'name' does not exist on type 'string'.
src/components/common/OrganizacaoSelect.tsx(1,8): error TS6133: 'React' is declared but its value is never read.
src/components/equipment/A966/A966Gateway.tsx(11,17): error TS6133: 'useEffect' is declared but its value is never read.
src/components/equipment/LandisGyr/LandisGyrE750.tsx(14,30): error TS6133: 'useEffect' is declared but its value is never read.
src/components/equipment/LandisGyr/LandisGyrE750.tsx(17,3): error TS6133: 'LandisGyrE750NavigationState' is declared but its value is never read.
src/components/equipment/LandisGyr/LandisGyrE750.tsx(174,3): error TS6133: 'id' is declared but its value is never read.
src/components/equipment/LandisGyr/LandisGyrE750.tsx(185,3): error TS6133: 'autoRotationInterval' is declared but its value is never read.
src/components/equipment/LandisGyr/LandisGyrE750.tsx(186,3): error TS6133: 'showAdvancedDiagnostics' is declared but its value is never read.
src/components/equipment/M160/M160Multimeter.tsx(11,30): error TS6133: 'useEffect' is declared but its value is never read.
src/components/equipment/M160/M160Multimeter.tsx(104,3): error TS6133: 'id' is declared but its value is never read.
src/components/equipment/M160/M160Multimeter.tsx(342,15): error TS2322: Type 'boolean | 0 | undefined' is not assignable to type 'boolean | undefined'.
  Type '0' is not assignable to type 'boolean | undefined'.
src/components/equipment/M300/M300Multimeter.tsx(183,14): error TS18048: 'readings.frequency' is possibly 'undefined'.
src/components/equipment/M300/M300Multimeter.tsx(189,14): error TS18048: 'readings.powerFactor' is possibly 'undefined'.
src/components/guards/PermissionGuard.tsx(191,11): error TS6133: 'grantedPermissions' is declared but its value is never read.
src/components/guards/PermissionGuard.tsx(192,11): error TS6133: 'deniedPermissions' is declared but its value is never read.
src/components/supervisorio/ModalSelecionarUnidade.tsx(3,1): error TS6133: 'React' is declared but its value is never read.
src/components/supervisorio/SeletorPlantaUnidade.tsx(3,8): error TS6133: 'React' is declared but its value is never read.
src/components/supervisorio/SeletorPlantaUnidade.tsx(192,36): error TS2339: Property 'cidade' does not exist on type 'UnidadeNexon'.
src/components/supervisorio/SeletorPlantaUnidade.tsx(192,55): error TS2339: Property 'estado' does not exist on type 'UnidadeNexon'.
src/components/ui/calendar.tsx(141,9): error TS2353: Object literal may only specify known properties, and 'Caption' does not exist in type 'Partial<CustomComponents>'.
src/components/ui/detailed-view-modal.tsx(11,1): error TS6133: 'ScrollArea' is declared but its value is never read.
src/components/ui/table.tsx(5,35): error TS2339: Property 'className' does not exist on type '{}'.
src/components/ui/table.tsx(8,7): error TS2322: Type 'ForwardedRef<unknown>' is not assignable to type 'Ref<HTMLTableElement> | undefined'.
  Type 'RefObject<unknown>' is not assignable to type 'Ref<HTMLTableElement> | undefined'.
    Type 'RefObject<unknown>' is not assignable to type 'RefObject<HTMLTableElement | null>'.
      Type 'unknown' is not assignable to type 'HTMLTableElement | null'.
src/components/ui/table.tsx(16,41): error TS2339: Property 'className' does not exist on type '{}'.
src/components/ui/table.tsx(17,10): error TS2322: Type 'ForwardedRef<unknown>' is not assignable to type 'Ref<HTMLTableSectionElement> | undefined'.
  Type 'RefObject<unknown>' is not assignable to type 'Ref<HTMLTableSectionElement> | undefined'.
    Type 'RefObject<unknown>' is not assignable to type 'RefObject<HTMLTableSectionElement | null>'.
      Type 'unknown' is not assignable to type 'HTMLTableSectionElement | null'.
src/components/ui/table.tsx(21,39): error TS2339: Property 'className' does not exist on type '{}'.
src/components/ui/table.tsx(23,5): error TS2322: Type 'ForwardedRef<unknown>' is not assignable to type 'Ref<HTMLTableSectionElement> | undefined'.
  Type 'RefObject<unknown>' is not assignable to type 'Ref<HTMLTableSectionElement> | undefined'.
    Type 'RefObject<unknown>' is not assignable to type 'RefObject<HTMLTableSectionElement | null>'.
      Type 'unknown' is not assignable to type 'HTMLTableSectionElement | null'.
src/components/ui/table.tsx(30,41): error TS2339: Property 'className' does not exist on type '{}'.
src/components/ui/table.tsx(32,5): error TS2322: Type 'ForwardedRef<unknown>' is not assignable to type 'Ref<HTMLTableSectionElement> | undefined'.
  Type 'RefObject<unknown>' is not assignable to type 'Ref<HTMLTableSectionElement> | undefined'.
    Type 'RefObject<unknown>' is not assignable to type 'RefObject<HTMLTableSectionElement | null>'.
      Type 'unknown' is not assignable to type 'HTMLTableSectionElement | null'.
src/components/ui/table.tsx(39,38): error TS2339: Property 'className' does not exist on type '{}'.
src/components/ui/table.tsx(41,5): error TS2322: Type 'ForwardedRef<unknown>' is not assignable to type 'Ref<HTMLTableRowElement> | undefined'.
  Type 'RefObject<unknown>' is not assignable to type 'Ref<HTMLTableRowElement> | undefined'.
    Type 'RefObject<unknown>' is not assignable to type 'RefObject<HTMLTableRowElement | null>'.
      Type 'unknown' is not assignable to type 'HTMLTableRowElement | null'.
src/components/ui/table.tsx(51,39): error TS2339: Property 'className' does not exist on type '{}'.
src/components/ui/table.tsx(53,5): error TS2322: Type 'ForwardedRef<unknown>' is not assignable to type 'Ref<HTMLTableHeaderCellElement> | undefined'.
  Type 'RefObject<unknown>' is not assignable to type 'Ref<HTMLTableHeaderCellElement> | undefined'.
    Type 'RefObject<unknown>' is not assignable to type 'RefObject<HTMLTableHeaderCellElement | null>'.
      Type 'unknown' is not assignable to type 'HTMLTableHeaderCellElement | null'.
src/components/ui/table.tsx(63,39): error TS2339: Property 'className' does not exist on type '{}'.
src/components/ui/table.tsx(65,5): error TS2322: Type 'ForwardedRef<unknown>' is not assignable to type 'Ref<HTMLTableDataCellElement> | undefined'.
  Type 'RefObject<unknown>' is not assignable to type 'Ref<HTMLTableDataCellElement> | undefined'.
    Type 'RefObject<unknown>' is not assignable to type 'RefObject<HTMLTableDataCellElement | null>'.
      Type 'unknown' is not assignable to type 'HTMLTableDataCellElement | null'.
src/components/ui/table.tsx(72,42): error TS2339: Property 'className' does not exist on type '{}'.
src/components/ui/table.tsx(74,5): error TS2322: Type 'ForwardedRef<unknown>' is not assignable to type 'Ref<HTMLElement> | undefined'.
  Type 'RefObject<unknown>' is not assignable to type 'Ref<HTMLElement> | undefined'.
    Type 'RefObject<unknown>' is not assignable to type 'RefObject<HTMLElement | null>'.
      Type 'unknown' is not assignable to type 'HTMLElement | null'.
src/features/coa/components/mapa-coa.tsx(1,8): error TS6133: 'React' is declared but its value is never read.
src/features/coa/components/mapa-coa.tsx(19,3): error TS6133: 'Zap' is declared but its value is never read.
src/features/coa/components/mapa-coa.tsx(20,3): error TS6133: 'AlertTriangle' is declared but its value is never read.
src/features/coa/components/mapa-coa.tsx(21,3): error TS6133: 'WifiOff' is declared but its value is never read.
src/features/coa/components/mapa-coa.tsx(30,37): error TS6133: 'onUnidadeClick' is declared but its value is never read.
src/features/concessionarias/components/AnexosConcessionariaField.tsx(4,1): error TS6133: 'Input' is declared but its value is never read.
src/features/concessionarias/components/ConcessionariasPage.tsx(2,31): error TS6133: 'useMemo' is declared but its value is never read.
src/features/concessionarias/components/ConcessionariasPage.tsx(208,86): error TS2345: Argument of type 'CreateConcessionariaDto | UpdateConcessionariaDto' is not assignable to parameter of type 'CreateConcessionariaDto'.
  Type 'UpdateConcessionariaDto' is not assignable to type 'CreateConcessionariaDto'.
    Types of property 'nome' are incompatible.
      Type 'string | undefined' is not assignable to type 'string'.
        Type 'undefined' is not assignable to type 'string'.
src/features/concessionarias/components/ConcessionariasPage.tsx(364,15): error TS2322: Type 'ConcessionariaResponse[]' is not assignable to type 'BaseEntity[]'.
  Type 'ConcessionariaResponse' is missing the following properties from type 'BaseEntity': createdAt, updatedAt
src/features/concessionarias/components/ConcessionariasPage.tsx(365,15): error TS2322: Type 'TableColumn<ConcessionariaResponse>[]' is not assignable to type 'TableColumn<BaseEntity>[]'.
  Type 'TableColumn<ConcessionariaResponse>' is not assignable to type 'TableColumn<BaseEntity>'.
    Type 'BaseEntity' is missing the following properties from type 'ConcessionariaResponse': nome, estado, data_inicio, data_validade, and 6 more.
src/features/concessionarias/components/ConcessionariasPage.tsx(369,15): error TS2322: Type '(concessionaria: ConcessionariaResponse) => Promise<void>' is not assignable to type '(entity: BaseEntity) => void'.
  Types of parameters 'concessionaria' and 'entity' are incompatible.
    Type 'BaseEntity' is missing the following properties from type 'ConcessionariaResponse': nome, estado, data_inicio, data_validade, and 6 more.
src/features/concessionarias/components/ConcessionariasPage.tsx(370,15): error TS2322: Type '(concessionaria: ConcessionariaResponse) => Promise<void>' is not assignable to type '(entity: BaseEntity) => void'.
  Types of parameters 'concessionaria' and 'entity' are incompatible.
    Type 'BaseEntity' is missing the following properties from type 'ConcessionariaResponse': nome, estado, data_inicio, data_validade, and 6 more.
src/features/configuracoes/perfil/account-form.tsx(119,5): error TS2322: Type 'Resolver<{ email: string; name: string; cpf: string; phone: string; image?: FileList | undefined; password?: string | undefined; newPassword?: string | undefined; confirmPassword?: string | undefined; }, any, { ...; }>' is not assignable to type 'Resolver<{ email: string; name: string; cpf: string; phone: string; image?: File | null | undefined; password?: string | undefined; newPassword?: string | undefined; confirmPassword?: string | undefined; }, any, { ...; }>'.
  Types of parameters 'values' and 'values' are incompatible.
    Type '{ email: string; name: string; cpf: string; phone: string; image?: File | null | undefined; password?: string | undefined; newPassword?: string | undefined; confirmPassword?: string | undefined; }' is not assignable to type '{ email: string; name: string; cpf: string; phone: string; image?: FileList | undefined; password?: string | undefined; newPassword?: string | undefined; confirmPassword?: string | undefined; }'.
      Types of property 'image' are incompatible.
        Type 'File | null | undefined' is not assignable to type 'FileList | undefined'.
          Type 'null' is not assignable to type 'FileList | undefined'.
src/features/configuracoes/perfil/account-form.tsx(216,41): error TS2345: Argument of type '(data: { email: string; name: string; cpf: string; phone: string; image?: File | null | undefined; password?: string | undefined; newPassword?: string | undefined; confirmPassword?: string | undefined; }) => Promise<...>' is not assignable to parameter of type 'SubmitHandler<TFieldValues>'.
  Types of parameters 'data' and 'data' are incompatible.
    Type 'TFieldValues' is not assignable to type '{ email: string; name: string; cpf: string; phone: string; image?: File | null | undefined; password?: string | undefined; newPassword?: string | undefined; confirmPassword?: string | undefined; }'.
      Type 'FieldValues' is missing the following properties from type '{ email: string; name: string; cpf: string; phone: string; image?: File | null | undefined; password?: string | undefined; newPassword?: string | undefined; confirmPassword?: string | undefined; }': email, name, cpf, phone
src/features/configuracoes/perfil/account-form.tsx(228,19): error TS2322: Type 'Control<{ email: string; name: string; cpf: string; phone: string; image?: File | null | undefined; password?: string | undefined; newPassword?: string | undefined; confirmPassword?: string | undefined; }, any, TFieldValues>' is not assignable to type 'Control<{ email: string; name: string; cpf: string; phone: string; image?: File | null | undefined; password?: string | undefined; newPassword?: string | undefined; confirmPassword?: string | undefined; }, any, { ...; }>'.
  The types of '_options.resolver' are incompatible between these types.
    Type 'Resolver<{ email: string; name: string; cpf: string; phone: string; image?: File | null | undefined; password?: string | undefined; newPassword?: string | undefined; confirmPassword?: string | undefined; }, any, TFieldValues> | undefined' is not assignable to type 'Resolver<{ email: string; name: string; cpf: string; phone: string; image?: File | null | undefined; password?: string | undefined; newPassword?: string | undefined; confirmPassword?: string | undefined; }, any, { ...; }> | undefined'.
      Type 'Resolver<{ email: string; name: string; cpf: string; phone: string; image?: File | null | undefined; password?: string | undefined; newPassword?: string | undefined; confirmPassword?: string | undefined; }, any, TFieldValues>' is not assignable to type 'Resolver<{ email: string; name: string; cpf: string; phone: string; image?: File | null | undefined; password?: string | undefined; newPassword?: string | undefined; confirmPassword?: string | undefined; }, any, { ...; }>'.
        Type 'ResolverResult<{ email: string; name: string; cpf: string; phone: string; image?: File | null | undefined; password?: string | undefined; newPassword?: string | undefined; confirmPassword?: string | undefined; }, TFieldValues> | Promise<...>' is not assignable to type 'ResolverResult<{ email: string; name: string; cpf: string; phone: string; image?: File | null | undefined; password?: string | undefined; newPassword?: string | undefined; confirmPassword?: string | undefined; }, { ...; }> | Promise<...>'.
          Type 'ResolverSuccess<TFieldValues>' is not assignable to type 'ResolverResult<{ email: string; name: string; cpf: string; phone: string; image?: File | null | undefined; password?: string | undefined; newPassword?: string | undefined; confirmPassword?: string | undefined; }, { ...; }> | Promise<...>'.
            Type 'ResolverSuccess<TFieldValues>' is not assignable to type 'ResolverSuccess<{ email: string; name: string; cpf: string; phone: string; image?: File | null | undefined; password?: string | undefined; newPassword?: string | undefined; confirmPassword?: string | undefined; }>'.
              Type 'TFieldValues' is not assignable to type '{ email: string; name: string; cpf: string; phone: string; image?: File | null | undefined; password?: string | undefined; newPassword?: string | undefined; confirmPassword?: string | undefined; }'.
                Type 'FieldValues' is missing the following properties from type '{ email: string; name: string; cpf: string; phone: string; image?: File | null | undefined; password?: string | undefined; newPassword?: string | undefined; confirmPassword?: string | undefined; }': email, name, cpf, phone
src/features/configuracoes/perfil/account-form.tsx(287,21): error TS2322: Type 'Control<{ email: string; name: string; cpf: string; phone: string; image?: File | null | undefined; password?: string | undefined; newPassword?: string | undefined; confirmPassword?: string | undefined; }, any, TFieldValues>' is not assignable to type 'Control<{ email: string; name: string; cpf: string; phone: string; image?: File | null | undefined; password?: string | undefined; newPassword?: string | undefined; confirmPassword?: string | undefined; }, any, { ...; }>'.
  The types of '_options.resolver' are incompatible between these types.
    Type 'Resolver<{ email: string; name: string; cpf: string; phone: string; image?: File | null | undefined; password?: string | undefined; newPassword?: string | undefined; confirmPassword?: string | undefined; }, any, TFieldValues> | undefined' is not assignable to type 'Resolver<{ email: string; name: string; cpf: string; phone: string; image?: File | null | undefined; password?: string | undefined; newPassword?: string | undefined; confirmPassword?: string | undefined; }, any, { ...; }> | undefined'.
      Type 'Resolver<{ email: string; name: string; cpf: string; phone: string; image?: File | null | undefined; password?: string | undefined; newPassword?: string | undefined; confirmPassword?: string | undefined; }, any, TFieldValues>' is not assignable to type 'Resolver<{ email: string; name: string; cpf: string; phone: string; image?: File | null | undefined; password?: string | undefined; newPassword?: string | undefined; confirmPassword?: string | undefined; }, any, { ...; }>'.
        Type 'ResolverResult<{ email: string; name: string; cpf: string; phone: string; image?: File | null | undefined; password?: string | undefined; newPassword?: string | undefined; confirmPassword?: string | undefined; }, TFieldValues> | Promise<...>' is not assignable to type 'ResolverResult<{ email: string; name: string; cpf: string; phone: string; image?: File | null | undefined; password?: string | undefined; newPassword?: string | undefined; confirmPassword?: string | undefined; }, { ...; }> | Promise<...>'.
          Type 'ResolverSuccess<TFieldValues>' is not assignable to type 'ResolverResult<{ email: string; name: string; cpf: string; phone: string; image?: File | null | undefined; password?: string | undefined; newPassword?: string | undefined; confirmPassword?: string | undefined; }, { ...; }> | Promise<...>'.
            Type 'ResolverSuccess<TFieldValues>' is not assignable to type 'ResolverSuccess<{ email: string; name: string; cpf: string; phone: string; image?: File | null | undefined; password?: string | undefined; newPassword?: string | undefined; confirmPassword?: string | undefined; }>'.
              Type 'TFieldValues' is not assignable to type '{ email: string; name: string; cpf: string; phone: string; image?: File | null | undefined; password?: string | undefined; newPassword?: string | undefined; confirmPassword?: string | undefined; }'.
                Type 'FieldValues' is missing the following properties from type '{ email: string; name: string; cpf: string; phone: string; image?: File | null | undefined; password?: string | undefined; newPassword?: string | undefined; confirmPassword?: string | undefined; }': email, name, cpf, phone
src/features/configuracoes/perfil/account-form.tsx(304,21): error TS2322: Type 'Control<{ email: string; name: string; cpf: string; phone: string; image?: File | null | undefined; password?: string | undefined; newPassword?: string | undefined; confirmPassword?: string | undefined; }, any, TFieldValues>' is not assignable to type 'Control<{ email: string; name: string; cpf: string; phone: string; image?: File | null | undefined; password?: string | undefined; newPassword?: string | undefined; confirmPassword?: string | undefined; }, any, { ...; }>'.
  The types of '_options.resolver' are incompatible between these types.
    Type 'Resolver<{ email: string; name: string; cpf: string; phone: string; image?: File | null | undefined; password?: string | undefined; newPassword?: string | undefined; confirmPassword?: string | undefined; }, any, TFieldValues> | undefined' is not assignable to type 'Resolver<{ email: string; name: string; cpf: string; phone: string; image?: File | null | undefined; password?: string | undefined; newPassword?: string | undefined; confirmPassword?: string | undefined; }, any, { ...; }> | undefined'.
      Type 'Resolver<{ email: string; name: string; cpf: string; phone: string; image?: File | null | undefined; password?: string | undefined; newPassword?: string | undefined; confirmPassword?: string | undefined; }, any, TFieldValues>' is not assignable to type 'Resolver<{ email: string; name: string; cpf: string; phone: string; image?: File | null | undefined; password?: string | undefined; newPassword?: string | undefined; confirmPassword?: string | undefined; }, any, { ...; }>'.
        Type 'ResolverResult<{ email: string; name: string; cpf: string; phone: string; image?: File | null | undefined; password?: string | undefined; newPassword?: string | undefined; confirmPassword?: string | undefined; }, TFieldValues> | Promise<...>' is not assignable to type 'ResolverResult<{ email: string; name: string; cpf: string; phone: string; image?: File | null | undefined; password?: string | undefined; newPassword?: string | undefined; confirmPassword?: string | undefined; }, { ...; }> | Promise<...>'.
          Type 'ResolverSuccess<TFieldValues>' is not assignable to type 'ResolverResult<{ email: string; name: string; cpf: string; phone: string; image?: File | null | undefined; password?: string | undefined; newPassword?: string | undefined; confirmPassword?: string | undefined; }, { ...; }> | Promise<...>'.
            Type 'ResolverSuccess<TFieldValues>' is not assignable to type 'ResolverSuccess<{ email: string; name: string; cpf: string; phone: string; image?: File | null | undefined; password?: string | undefined; newPassword?: string | undefined; confirmPassword?: string | undefined; }>'.
              Type 'TFieldValues' is not assignable to type '{ email: string; name: string; cpf: string; phone: string; image?: File | null | undefined; password?: string | undefined; newPassword?: string | undefined; confirmPassword?: string | undefined; }'.
                Type 'FieldValues' is missing the following properties from type '{ email: string; name: string; cpf: string; phone: string; image?: File | null | undefined; password?: string | undefined; newPassword?: string | undefined; confirmPassword?: string | undefined; }': email, name, cpf, phone
src/features/configuracoes/perfil/account-form.tsx(333,21): error TS2322: Type 'Control<{ email: string; name: string; cpf: string; phone: string; image?: File | null | undefined; password?: string | undefined; newPassword?: string | undefined; confirmPassword?: string | undefined; }, any, TFieldValues>' is not assignable to type 'Control<{ email: string; name: string; cpf: string; phone: string; image?: File | null | undefined; password?: string | undefined; newPassword?: string | undefined; confirmPassword?: string | undefined; }, any, { ...; }>'.
  The types of '_options.resolver' are incompatible between these types.
    Type 'Resolver<{ email: string; name: string; cpf: string; phone: string; image?: File | null | undefined; password?: string | undefined; newPassword?: string | undefined; confirmPassword?: string | undefined; }, any, TFieldValues> | undefined' is not assignable to type 'Resolver<{ email: string; name: string; cpf: string; phone: string; image?: File | null | undefined; password?: string | undefined; newPassword?: string | undefined; confirmPassword?: string | undefined; }, any, { ...; }> | undefined'.
      Type 'Resolver<{ email: string; name: string; cpf: string; phone: string; image?: File | null | undefined; password?: string | undefined; newPassword?: string | undefined; confirmPassword?: string | undefined; }, any, TFieldValues>' is not assignable to type 'Resolver<{ email: string; name: string; cpf: string; phone: string; image?: File | null | undefined; password?: string | undefined; newPassword?: string | undefined; confirmPassword?: string | undefined; }, any, { ...; }>'.
        Type 'ResolverResult<{ email: string; name: string; cpf: string; phone: string; image?: File | null | undefined; password?: string | undefined; newPassword?: string | undefined; confirmPassword?: string | undefined; }, TFieldValues> | Promise<...>' is not assignable to type 'ResolverResult<{ email: string; name: string; cpf: string; phone: string; image?: File | null | undefined; password?: string | undefined; newPassword?: string | undefined; confirmPassword?: string | undefined; }, { ...; }> | Promise<...>'.
          Type 'ResolverSuccess<TFieldValues>' is not assignable to type 'ResolverResult<{ email: string; name: string; cpf: string; phone: string; image?: File | null | undefined; password?: string | undefined; newPassword?: string | undefined; confirmPassword?: string | undefined; }, { ...; }> | Promise<...>'.
            Type 'ResolverSuccess<TFieldValues>' is not assignable to type 'ResolverSuccess<{ email: string; name: string; cpf: string; phone: string; image?: File | null | undefined; password?: string | undefined; newPassword?: string | undefined; confirmPassword?: string | undefined; }>'.
              Type 'TFieldValues' is not assignable to type '{ email: string; name: string; cpf: string; phone: string; image?: File | null | undefined; password?: string | undefined; newPassword?: string | undefined; confirmPassword?: string | undefined; }'.
                Type 'FieldValues' is missing the following properties from type '{ email: string; name: string; cpf: string; phone: string; image?: File | null | undefined; password?: string | undefined; newPassword?: string | undefined; confirmPassword?: string | undefined; }': email, name, cpf, phone
src/features/configuracoes/perfil/account-form.tsx(350,21): error TS2322: Type 'Control<{ email: string; name: string; cpf: string; phone: string; image?: File | null | undefined; password?: string | undefined; newPassword?: string | undefined; confirmPassword?: string | undefined; }, any, TFieldValues>' is not assignable to type 'Control<{ email: string; name: string; cpf: string; phone: string; image?: File | null | undefined; password?: string | undefined; newPassword?: string | undefined; confirmPassword?: string | undefined; }, any, { ...; }>'.
  The types of '_options.resolver' are incompatible between these types.
    Type 'Resolver<{ email: string; name: string; cpf: string; phone: string; image?: File | null | undefined; password?: string | undefined; newPassword?: string | undefined; confirmPassword?: string | undefined; }, any, TFieldValues> | undefined' is not assignable to type 'Resolver<{ email: string; name: string; cpf: string; phone: string; image?: File | null | undefined; password?: string | undefined; newPassword?: string | undefined; confirmPassword?: string | undefined; }, any, { ...; }> | undefined'.
      Type 'Resolver<{ email: string; name: string; cpf: string; phone: string; image?: File | null | undefined; password?: string | undefined; newPassword?: string | undefined; confirmPassword?: string | undefined; }, any, TFieldValues>' is not assignable to type 'Resolver<{ email: string; name: string; cpf: string; phone: string; image?: File | null | undefined; password?: string | undefined; newPassword?: string | undefined; confirmPassword?: string | undefined; }, any, { ...; }>'.
        Type 'ResolverResult<{ email: string; name: string; cpf: string; phone: string; image?: File | null | undefined; password?: string | undefined; newPassword?: string | undefined; confirmPassword?: string | undefined; }, TFieldValues> | Promise<...>' is not assignable to type 'ResolverResult<{ email: string; name: string; cpf: string; phone: string; image?: File | null | undefined; password?: string | undefined; newPassword?: string | undefined; confirmPassword?: string | undefined; }, { ...; }> | Promise<...>'.
          Type 'ResolverSuccess<TFieldValues>' is not assignable to type 'ResolverResult<{ email: string; name: string; cpf: string; phone: string; image?: File | null | undefined; password?: string | undefined; newPassword?: string | undefined; confirmPassword?: string | undefined; }, { ...; }> | Promise<...>'.
            Type 'ResolverSuccess<TFieldValues>' is not assignable to type 'ResolverSuccess<{ email: string; name: string; cpf: string; phone: string; image?: File | null | undefined; password?: string | undefined; newPassword?: string | undefined; confirmPassword?: string | undefined; }>'.
              Type 'TFieldValues' is not assignable to type '{ email: string; name: string; cpf: string; phone: string; image?: File | null | undefined; password?: string | undefined; newPassword?: string | undefined; confirmPassword?: string | undefined; }'.
                Type 'FieldValues' is missing the following properties from type '{ email: string; name: string; cpf: string; phone: string; image?: File | null | undefined; password?: string | undefined; newPassword?: string | undefined; confirmPassword?: string | undefined; }': email, name, cpf, phone
src/features/configuracoes/perfil/account-form.tsx(380,19): error TS2322: Type 'Control<{ email: string; name: string; cpf: string; phone: string; image?: File | null | undefined; password?: string | undefined; newPassword?: string | undefined; confirmPassword?: string | undefined; }, any, TFieldValues>' is not assignable to type 'Control<{ email: string; name: string; cpf: string; phone: string; image?: File | null | undefined; password?: string | undefined; newPassword?: string | undefined; confirmPassword?: string | undefined; }, any, { ...; }>'.
  The types of '_options.resolver' are incompatible between these types.
    Type 'Resolver<{ email: string; name: string; cpf: string; phone: string; image?: File | null | undefined; password?: string | undefined; newPassword?: string | undefined; confirmPassword?: string | undefined; }, any, TFieldValues> | undefined' is not assignable to type 'Resolver<{ email: string; name: string; cpf: string; phone: string; image?: File | null | undefined; password?: string | undefined; newPassword?: string | undefined; confirmPassword?: string | undefined; }, any, { ...; }> | undefined'.
      Type 'Resolver<{ email: string; name: string; cpf: string; phone: string; image?: File | null | undefined; password?: string | undefined; newPassword?: string | undefined; confirmPassword?: string | undefined; }, any, TFieldValues>' is not assignable to type 'Resolver<{ email: string; name: string; cpf: string; phone: string; image?: File | null | undefined; password?: string | undefined; newPassword?: string | undefined; confirmPassword?: string | undefined; }, any, { ...; }>'.
        Type 'ResolverResult<{ email: string; name: string; cpf: string; phone: string; image?: File | null | undefined; password?: string | undefined; newPassword?: string | undefined; confirmPassword?: string | undefined; }, TFieldValues> | Promise<...>' is not assignable to type 'ResolverResult<{ email: string; name: string; cpf: string; phone: string; image?: File | null | undefined; password?: string | undefined; newPassword?: string | undefined; confirmPassword?: string | undefined; }, { ...; }> | Promise<...>'.
          Type 'ResolverSuccess<TFieldValues>' is not assignable to type 'ResolverResult<{ email: string; name: string; cpf: string; phone: string; image?: File | null | undefined; password?: string | undefined; newPassword?: string | undefined; confirmPassword?: string | undefined; }, { ...; }> | Promise<...>'.
            Type 'ResolverSuccess<TFieldValues>' is not assignable to type 'ResolverSuccess<{ email: string; name: string; cpf: string; phone: string; image?: File | null | undefined; password?: string | undefined; newPassword?: string | undefined; confirmPassword?: string | undefined; }>'.
              Type 'TFieldValues' is not assignable to type '{ email: string; name: string; cpf: string; phone: string; image?: File | null | undefined; password?: string | undefined; newPassword?: string | undefined; confirmPassword?: string | undefined; }'.
                Type 'FieldValues' is missing the following properties from type '{ email: string; name: string; cpf: string; phone: string; image?: File | null | undefined; password?: string | undefined; newPassword?: string | undefined; confirmPassword?: string | undefined; }': email, name, cpf, phone
src/features/configuracoes/perfil/account-form.tsx(410,19): error TS2322: Type 'Control<{ email: string; name: string; cpf: string; phone: string; image?: File | null | undefined; password?: string | undefined; newPassword?: string | undefined; confirmPassword?: string | undefined; }, any, TFieldValues>' is not assignable to type 'Control<{ email: string; name: string; cpf: string; phone: string; image?: File | null | undefined; password?: string | undefined; newPassword?: string | undefined; confirmPassword?: string | undefined; }, any, { ...; }>'.
  The types of '_options.resolver' are incompatible between these types.
    Type 'Resolver<{ email: string; name: string; cpf: string; phone: string; image?: File | null | undefined; password?: string | undefined; newPassword?: string | undefined; confirmPassword?: string | undefined; }, any, TFieldValues> | undefined' is not assignable to type 'Resolver<{ email: string; name: string; cpf: string; phone: string; image?: File | null | undefined; password?: string | undefined; newPassword?: string | undefined; confirmPassword?: string | undefined; }, any, { ...; }> | undefined'.
      Type 'Resolver<{ email: string; name: string; cpf: string; phone: string; image?: File | null | undefined; password?: string | undefined; newPassword?: string | undefined; confirmPassword?: string | undefined; }, any, TFieldValues>' is not assignable to type 'Resolver<{ email: string; name: string; cpf: string; phone: string; image?: File | null | undefined; password?: string | undefined; newPassword?: string | undefined; confirmPassword?: string | undefined; }, any, { ...; }>'.
        Type 'ResolverResult<{ email: string; name: string; cpf: string; phone: string; image?: File | null | undefined; password?: string | undefined; newPassword?: string | undefined; confirmPassword?: string | undefined; }, TFieldValues> | Promise<...>' is not assignable to type 'ResolverResult<{ email: string; name: string; cpf: string; phone: string; image?: File | null | undefined; password?: string | undefined; newPassword?: string | undefined; confirmPassword?: string | undefined; }, { ...; }> | Promise<...>'.
          Type 'ResolverSuccess<TFieldValues>' is not assignable to type 'ResolverResult<{ email: string; name: string; cpf: string; phone: string; image?: File | null | undefined; password?: string | undefined; newPassword?: string | undefined; confirmPassword?: string | undefined; }, { ...; }> | Promise<...>'.
            Type 'ResolverSuccess<TFieldValues>' is not assignable to type 'ResolverSuccess<{ email: string; name: string; cpf: string; phone: string; image?: File | null | undefined; password?: string | undefined; newPassword?: string | undefined; confirmPassword?: string | undefined; }>'.
              Type 'TFieldValues' is not assignable to type '{ email: string; name: string; cpf: string; phone: string; image?: File | null | undefined; password?: string | undefined; newPassword?: string | undefined; confirmPassword?: string | undefined; }'.
                Type 'FieldValues' is missing the following properties from type '{ email: string; name: string; cpf: string; phone: string; image?: File | null | undefined; password?: string | undefined; newPassword?: string | undefined; confirmPassword?: string | undefined; }': email, name, cpf, phone
src/features/configuracoes/perfil/account-form.tsx(440,19): error TS2322: Type 'Control<{ email: string; name: string; cpf: string; phone: string; image?: File | null | undefined; password?: string | undefined; newPassword?: string | undefined; confirmPassword?: string | undefined; }, any, TFieldValues>' is not assignable to type 'Control<{ email: string; name: string; cpf: string; phone: string; image?: File | null | undefined; password?: string | undefined; newPassword?: string | undefined; confirmPassword?: string | undefined; }, any, { ...; }>'.
  The types of '_options.resolver' are incompatible between these types.
    Type 'Resolver<{ email: string; name: string; cpf: string; phone: string; image?: File | null | undefined; password?: string | undefined; newPassword?: string | undefined; confirmPassword?: string | undefined; }, any, TFieldValues> | undefined' is not assignable to type 'Resolver<{ email: string; name: string; cpf: string; phone: string; image?: File | null | undefined; password?: string | undefined; newPassword?: string | undefined; confirmPassword?: string | undefined; }, any, { ...; }> | undefined'.
      Type 'Resolver<{ email: string; name: string; cpf: string; phone: string; image?: File | null | undefined; password?: string | undefined; newPassword?: string | undefined; confirmPassword?: string | undefined; }, any, TFieldValues>' is not assignable to type 'Resolver<{ email: string; name: string; cpf: string; phone: string; image?: File | null | undefined; password?: string | undefined; newPassword?: string | undefined; confirmPassword?: string | undefined; }, any, { ...; }>'.
        Type 'ResolverResult<{ email: string; name: string; cpf: string; phone: string; image?: File | null | undefined; password?: string | undefined; newPassword?: string | undefined; confirmPassword?: string | undefined; }, TFieldValues> | Promise<...>' is not assignable to type 'ResolverResult<{ email: string; name: string; cpf: string; phone: string; image?: File | null | undefined; password?: string | undefined; newPassword?: string | undefined; confirmPassword?: string | undefined; }, { ...; }> | Promise<...>'.
          Type 'ResolverSuccess<TFieldValues>' is not assignable to type 'ResolverResult<{ email: string; name: string; cpf: string; phone: string; image?: File | null | undefined; password?: string | undefined; newPassword?: string | undefined; confirmPassword?: string | undefined; }, { ...; }> | Promise<...>'.
            Type 'ResolverSuccess<TFieldValues>' is not assignable to type 'ResolverSuccess<{ email: string; name: string; cpf: string; phone: string; image?: File | null | undefined; password?: string | undefined; newPassword?: string | undefined; confirmPassword?: string | undefined; }>'.
              Type 'TFieldValues' is not assignable to type '{ email: string; name: string; cpf: string; phone: string; image?: File | null | undefined; password?: string | undefined; newPassword?: string | undefined; confirmPassword?: string | undefined; }'.
                Type 'FieldValues' is missing the following properties from type '{ email: string; name: string; cpf: string; phone: string; image?: File | null | undefined; password?: string | undefined; newPassword?: string | undefined; confirmPassword?: string | undefined; }': email, name, cpf, phone
src/features/configuracoes/perfil/hooks/useUpdateProfile.ts(91,54): error TS2339: Property 'avatar_url' does not exist on type '{ imageUrl: string; }'.
src/features/dashboard/components/planned-vs-completed-chart.tsx(2,1): error TS6133: 'React' is declared but its value is never read.
src/features/dashboard/components/service-severity-charts.tsx(2,1): error TS6133: 'React' is declared but its value is never read.
src/features/dashboard/components/service-severity-charts.tsx(36,34): error TS6133: 'data' is declared but its value is never read.
src/features/dashboard/components/service-severity-charts.tsx(41,13): error TS6133: 'y' is declared but its value is never read.
src/features/dashboard/components/task-priorities.tsx(2,1): error TS6133: 'React' is declared but its value is never read.
src/features/dashboard/components/work-orders-panel.tsx(2,1): error TS6133: 'React' is declared but its value is never read.
src/features/equipamentos/components/EquipamentosPage.tsx(51,5): error TS6133: 'getEquipamento' is declared but its value is never read.
src/features/equipamentos/components/EquipamentosPage.tsx(412,9): error TS6133: 'testarErro' is declared but its value is never read.
src/features/equipamentos/components/InversorGraficoAno.tsx(157,23): error TS6133: 'powerData' is declared but its value is never read.
src/features/equipamentos/components/InversorGraficoDia.tsx(3,3): error TS6133: 'LineChart' is declared but its value is never read.
src/features/equipamentos/components/InversorGraficoDia.tsx(15,37): error TS6133: 'getEnergyValue' is declared but its value is never read.
src/features/equipamentos/components/InversorGraficoDia.tsx(161,54): error TS6133: 'props' is declared but its value is never read.
src/features/equipamentos/components/InversorGraficoMes.tsx(165,23): error TS6133: 'powerData' is declared but its value is never read.
src/features/equipamentos/components/InversorMqttDataModal.tsx(11,47): error TS6133: 'Shield' is declared but its value is never read.
src/features/equipamentos/components/InversorMqttDataModal.tsx(164,24): error TS18047: 'data.dado' is possibly 'null'.
src/features/equipamentos/components/InversorMqttDataModal.tsx(165,9): error TS6133: 'statusColor' is declared but its value is never read.
src/features/equipamentos/components/InversorMqttDataModal.tsx(485,53): error TS18047: 'data.dado' is possibly 'null'.
src/features/equipamentos/components/InversorMqttDataModal.tsx(488,23): error TS18047: 'data.dado' is possibly 'null'.
src/features/equipamentos/components/InversorMqttDataModal.tsx(488,54): error TS18047: 'data.dado' is possibly 'null'.
src/features/equipamentos/components/modals/ComponenteUARModal.tsx(19,1): error TS6133: 'Badge' is declared but its value is never read.
src/features/equipamentos/components/modals/EquipamentoUCModal.tsx(24,1): error TS6133: 'useSelectionData' is declared but its value is never read.
src/features/equipamentos/components/modals/EquipamentoUCModal.tsx(94,28): error TS2339: Property 'campo' does not exist on type 'CampoTecnico'.
src/features/equipamentos/components/modals/EquipamentoUCModal.tsx(203,35): error TS18048: 'dadosCompletos.dadosTecnicos' is possibly 'undefined'.
src/features/equipamentos/components/modals/EquipamentoUCModal.tsx(240,32): error TS2345: Argument of type 'UnidadeNexon' is not assignable to parameter of type 'SetStateAction<Unidade | null>'.
  Type 'UnidadeNexon' is missing the following properties from type 'Unidade': plantaId, estado, cidade, latitude, and 3 more.
src/features/equipamentos/components/modals/EquipamentoUCModal.tsx(244,25): error TS2339: Property 'plantaId' does not exist on type 'UnidadeNexon'.
src/features/equipamentos/components/modals/EquipamentoUCModal.tsx(246,71): error TS2339: Property 'plantaId' does not exist on type 'UnidadeNexon'.
src/features/equipamentos/components/modals/GerenciarUARsModal.tsx(219,13): error TS2739: Type '{ id: string; nome: string; classificacao: "UAR"; tipo: string; modelo: string; fabricante: string; criticidade: "1" | "2" | "3" | "4" | "5"; dataInstalacao: string; localizacaoEspecifica: string; ... 9 more ...; totalComponentes: number; }' is missing the following properties from type 'Equipamento': createdAt, updatedAt
src/features/equipamentos/components/modals/GerenciarUARsModal.tsx(261,9): error TS2353: Object literal may only specify known properties, and 'atualizadoEm' does not exist in type 'Equipamento'.
src/features/equipamentos/components/MultiplosInversoresGraficoAno.tsx(1,1): error TS6133: 'React' is declared but its value is never read.
src/features/equipamentos/components/MultiplosInversoresGraficoAno.tsx(64,9): error TS6133: 'energiaMinima' is declared but its value is never read.
src/features/equipamentos/components/MultiplosInversoresGraficoDia.tsx(1,1): error TS6133: 'React' is declared but its value is never read.
src/features/equipamentos/components/MultiplosInversoresGraficoMes.tsx(1,1): error TS6133: 'React' is declared but its value is never read.
src/features/equipamentos/components/MultiplosInversoresGraficosModal.tsx(1,8): error TS6133: 'React' is declared but its value is never read.
src/features/equipamentos/config/form-config.tsx(155,7): error TS6133: 'mockPlantas' is declared but its value is never read.
src/features/equipamentos/config/form-config.tsx(653,5): error TS2353: Object literal may only specify known properties, and 'condition' does not exist in type 'FormField'.
src/features/equipamentos/config/form-config.tsx(653,17): error TS7006: Parameter 'formData' implicitly has an 'any' type.
src/features/equipamentos/config/form-config.tsx(660,5): error TS2353: Object literal may only specify known properties, and 'condition' does not exist in type 'FormField'.
src/features/equipamentos/config/form-config.tsx(660,17): error TS7006: Parameter 'formData' implicitly has an 'any' type.
src/features/equipamentos/config/form-config.tsx(667,5): error TS2353: Object literal may only specify known properties, and 'condition' does not exist in type 'FormField'.
src/features/equipamentos/config/form-config.tsx(667,17): error TS7006: Parameter 'formData' implicitly has an 'any' type.
src/features/equipamentos/config/form-config.tsx(674,5): error TS2353: Object literal may only specify known properties, and 'condition' does not exist in type 'FormField'.
src/features/equipamentos/config/form-config.tsx(674,17): error TS7006: Parameter 'formData' implicitly has an 'any' type.
src/features/equipamentos/config/form-config.tsx(681,5): error TS2353: Object literal may only specify known properties, and 'condition' does not exist in type 'FormField'.
src/features/equipamentos/config/form-config.tsx(681,17): error TS7006: Parameter 'formData' implicitly has an 'any' type.
src/features/equipamentos/config/form-config.tsx(688,5): error TS2353: Object literal may only specify known properties, and 'condition' does not exist in type 'FormField'.
src/features/equipamentos/config/form-config.tsx(688,17): error TS7006: Parameter 'formData' implicitly has an 'any' type.
src/features/equipamentos/config/form-config.tsx(695,5): error TS2353: Object literal may only specify known properties, and 'condition' does not exist in type 'FormField'.
src/features/equipamentos/config/form-config.tsx(695,17): error TS7006: Parameter 'formData' implicitly has an 'any' type.
src/features/equipamentos/data/mock-data.ts(54,5): error TS2739: Type '{ id: string; nome: string; cnpj: string; proprietarioId: string; criadoEm: string; }' is missing the following properties from type 'Planta': createdAt, updatedAt
src/features/equipamentos/data/mock-data.ts(76,5): error TS2739: Type '{ id: string; nome: string; cnpj: string; proprietarioId: string; criadoEm: string; }' is missing the following properties from type 'Planta': createdAt, updatedAt
src/features/equipamentos/data/mock-data.ts(96,5): error TS2739: Type '{ id: string; nome: string; cnpj: string; proprietarioId: string; criadoEm: string; }' is missing the following properties from type 'Planta': createdAt, updatedAt
src/features/equipamentos/data/mock-data.ts(116,5): error TS2739: Type '{ id: string; nome: string; cnpj: string; proprietarioId: string; criadoEm: string; }' is missing the following properties from type 'Planta': createdAt, updatedAt
src/features/equipamentos/data/mock-data.ts(140,2): error TS2739: Type '{ id: string; nome: string; cnpj: string; proprietarioId: string; criadoEm: string; }' is missing the following properties from type 'Planta': createdAt, updatedAt
src/features/equipamentos/data/mock-data.ts(166,2): error TS2739: Type '{ id: string; nome: string; cnpj: string; proprietarioId: string; criadoEm: string; }' is missing the following properties from type 'Planta': createdAt, updatedAt
src/features/equipamentos/data/mock-data.ts(192,2): error TS2739: Type '{ id: string; nome: string; cnpj: string; proprietarioId: string; criadoEm: string; }' is missing the following properties from type 'Planta': createdAt, updatedAt
src/features/equipamentos/data/mock-data.ts(218,2): error TS2739: Type '{ id: string; nome: string; cnpj: string; proprietarioId: string; criadoEm: string; }' is missing the following properties from type 'Planta': createdAt, updatedAt
src/features/equipamentos/data/mock-data.ts(244,2): error TS2739: Type '{ id: string; nome: string; cnpj: string; proprietarioId: string; criadoEm: string; }' is missing the following properties from type 'Planta': createdAt, updatedAt
src/features/equipamentos/hooks/useEquipamentoFilters.ts(2,44): error TS6133: 'useMemo' is declared but its value is never read.
src/features/equipamentos/hooks/useEquipamentoFilters.ts(227,34): error TS2339: Property 'pagination' does not exist on type 'PaginatedUnidadeResponse'.
src/features/equipamentos/hooks/useEquipamentoFilters.ts(227,65): error TS2339: Property 'pagination' does not exist on type 'PaginatedUnidadeResponse'.
src/features/equipamentos/hooks/useEquipamentos.ts(91,5): error TS2322: Type '{ id: any; nome: any; planta: { id: any; nome: any; proprietario: { id: any; nome: any; cpf_cnpj: any; tipo: any; } | undefined; } | undefined; } | undefined' is not assignable to type 'Unidade | undefined'.
  Type '{ id: any; nome: any; planta: { id: any; nome: any; proprietario: { id: any; nome: any; cpf_cnpj: any; tipo: any; } | undefined; } | undefined; }' is missing the following properties from type 'Unidade': criadoEm, plantaId, tipo, estado, and 7 more.
src/features/equipamentos/hooks/useEquipamentos.ts(91,29): error TS2339: Property 'unidade' does not exist on type 'EquipamentoApiResponse'.
src/features/equipamentos/hooks/useEquipamentos.ts(92,26): error TS2339: Property 'unidade' does not exist on type 'EquipamentoApiResponse'.
src/features/equipamentos/hooks/useEquipamentos.ts(93,28): error TS2339: Property 'unidade' does not exist on type 'EquipamentoApiResponse'.
src/features/equipamentos/hooks/useEquipamentos.ts(94,30): error TS2339: Property 'unidade' does not exist on type 'EquipamentoApiResponse'.
src/features/equipamentos/hooks/useEquipamentos.ts(95,28): error TS2339: Property 'unidade' does not exist on type 'EquipamentoApiResponse'.
src/features/equipamentos/hooks/useEquipamentos.ts(96,30): error TS2339: Property 'unidade' does not exist on type 'EquipamentoApiResponse'.
src/features/equipamentos/hooks/useEquipamentos.ts(97,38): error TS2339: Property 'unidade' does not exist on type 'EquipamentoApiResponse'.
src/features/equipamentos/hooks/useEquipamentos.ts(98,30): error TS2339: Property 'unidade' does not exist on type 'EquipamentoApiResponse'.
src/features/equipamentos/hooks/useEquipamentos.ts(99,32): error TS2339: Property 'unidade' does not exist on type 'EquipamentoApiResponse'.
src/features/equipamentos/hooks/useEquipamentos.ts(100,36): error TS2339: Property 'unidade' does not exist on type 'EquipamentoApiResponse'.
src/features/equipamentos/hooks/useEquipamentos.ts(101,32): error TS2339: Property 'unidade' does not exist on type 'EquipamentoApiResponse'.
src/features/equipamentos/hooks/useEquipamentos.ts(113,5): error TS2322: Type '{ id: string; nome: string; cnpj: string; proprietarioId: string; localizacao: any; criadoEm: string; } | undefined' is not assignable to type 'Planta | undefined'.
  Type '{ id: string; nome: string; cnpj: string; proprietarioId: string; localizacao: any; criadoEm: string; }' is missing the following properties from type 'Planta': createdAt, updatedAt
src/features/equipamentos/hooks/useEquipamentos.ts(133,5): error TS2322: Type '{ id: string; nome: string; classificacao: "UAR"; criticidade: "3"; criadoEm: string; totalComponentes: number; }[]' is not assignable to type 'Equipamento[]'.
  Type '{ id: string; nome: string; classificacao: "UAR"; criticidade: "3"; criadoEm: string; totalComponentes: number; }' is missing the following properties from type 'Equipamento': createdAt, updatedAt
src/features/equipamentos/hooks/useEquipamentos.ts(173,5): error TS2353: Object literal may only specify known properties, and 'unidade_id' does not exist in type 'CreateEquipamentoApiData'.
src/features/equipamentos/hooks/useEquipamentos.ts(455,55): error TS2339: Property 'data' does not exist on type 'EquipamentoApiResponse[]'.
src/features/equipamentos/hooks/useEquipamentos.ts(458,35): error TS2339: Property 'pagination' does not exist on type 'EquipamentoApiResponse[]'.
src/features/equipamentos/hooks/useEquipamentos.ts(459,36): error TS2339: Property 'pagination' does not exist on type 'EquipamentoApiResponse[]'.
src/features/equipamentos/hooks/useEquipamentos.ts(460,30): error TS2339: Property 'pagination' does not exist on type 'EquipamentoApiResponse[]'.
src/features/equipamentos/hooks/useEquipamentos.ts(488,55): error TS2339: Property 'data' does not exist on type 'EquipamentoApiResponse[]'.
src/features/equipamentos/hooks/useEquipamentos.ts(491,35): error TS2339: Property 'pagination' does not exist on type 'EquipamentoApiResponse[]'.
src/features/equipamentos/hooks/useEquipamentos.ts(492,36): error TS2339: Property 'pagination' does not exist on type 'EquipamentoApiResponse[]'.
src/features/equipamentos/hooks/useEquipamentos.ts(493,30): error TS2339: Property 'pagination' does not exist on type 'EquipamentoApiResponse[]'.
src/features/equipamentos/hooks/useEquipamentos.ts(497,31): error TS2339: Property 'planta' does not exist on type 'EquipamentoApiResponse[]'.
src/features/equipamentos/hooks/useLocationCascade.ts(103,19): error TS2345: Argument of type 'UnidadeNexon[]' is not assignable to parameter of type 'SetStateAction<Unidade[]>'.
  Type 'UnidadeNexon[]' is not assignable to type 'Unidade[]'.
    Type 'UnidadeNexon' is missing the following properties from type 'Unidade': plantaId, estado, cidade, latitude, and 3 more.
src/features/financeiro/components/centros-custo-filters.tsx(2,1): error TS6133: 'React' is declared but its value is never read.
src/features/financeiro/components/centros-custo-filters.tsx(31,31): error TS2503: Cannot find namespace 'JSX'.
src/features/financeiro/components/centros-custo-modal.tsx(38,29): error TS2503: Cannot find namespace 'JSX'.
src/features/financeiro/components/centros-custo-summary.tsx(19,82): error TS2503: Cannot find namespace 'JSX'.
src/features/financeiro/components/centros-custo-summary.tsx(21,9): error TS2740: Type '{ ativos: number; inativos: number; orcamentoTotal: number; gastoTotal: number; tipos: {}; }' is missing the following properties from type 'SummaryData': vencidos, vencemHoje, aVencer, pagos, and 4 more.
src/features/financeiro/components/centros-custo-summary.tsx(34,5): error TS7053: Element implicitly has an 'any' type because expression of type '"administrativo" | "operacional" | "comercial" | "projeto"' can't be used to index type '{}'.
  Property 'administrativo' does not exist on type '{}'.
src/features/financeiro/components/centros-custo-summary.tsx(34,31): error TS7053: Element implicitly has an 'any' type because expression of type '"administrativo" | "operacional" | "comercial" | "projeto"' can't be used to index type '{}'.
  Property 'administrativo' does not exist on type '{}'.
src/features/financeiro/components/centros-custo-summary.tsx(89,84): error TS2503: Cannot find namespace 'JSX'.
src/features/financeiro/components/centros-custo-table.tsx(47,29): error TS2503: Cannot find namespace 'JSX'.
src/features/financeiro/components/centros-custo-table.tsx(72,9): error TS18047: 'aValue' is possibly 'null'.
src/features/financeiro/components/centros-custo-table.tsx(72,18): error TS18047: 'bValue' is possibly 'null'.
src/features/financeiro/components/centros-custo-table.tsx(75,9): error TS18047: 'aValue' is possibly 'null'.
src/features/financeiro/components/centros-custo-table.tsx(75,18): error TS18047: 'bValue' is possibly 'null'.
src/features/financeiro/components/centros-custo-table.tsx(131,57): error TS2503: Cannot find namespace 'JSX'.
src/features/financeiro/components/centros-custo-table.tsx(151,51): error TS2503: Cannot find namespace 'JSX'.
src/features/financeiro/components/centros-custo-table.tsx(183,8): error TS2559: Type '{ children: Element[]; }' has no properties in common with type 'IntrinsicAttributes & RefAttributes<unknown>'.
src/features/financeiro/components/centros-custo-table.tsx(184,10): error TS2559: Type '{ children: Element; }' has no properties in common with type 'IntrinsicAttributes & RefAttributes<unknown>'.
src/features/financeiro/components/centros-custo-table.tsx(185,12): error TS2559: Type '{ children: Element[]; }' has no properties in common with type 'IntrinsicAttributes & RefAttributes<unknown>'.
src/features/financeiro/components/centros-custo-table.tsx(186,14): error TS2322: Type '{ children: Element; className: string; }' is not assignable to type 'IntrinsicAttributes & RefAttributes<unknown>'.
  Property 'children' does not exist on type 'IntrinsicAttributes & RefAttributes<unknown>'.
src/features/financeiro/components/centros-custo-table.tsx(192,14): error TS2559: Type '{ children: Element; }' has no properties in common with type 'IntrinsicAttributes & RefAttributes<unknown>'.
src/features/financeiro/components/centros-custo-table.tsx(202,14): error TS2559: Type '{ children: Element; }' has no properties in common with type 'IntrinsicAttributes & RefAttributes<unknown>'.
src/features/financeiro/components/centros-custo-table.tsx(212,14): error TS2559: Type '{ children: Element; }' has no properties in common with type 'IntrinsicAttributes & RefAttributes<unknown>'.
src/features/financeiro/components/centros-custo-table.tsx(222,14): error TS2559: Type '{ children: Element; }' has no properties in common with type 'IntrinsicAttributes & RefAttributes<unknown>'.
src/features/financeiro/components/centros-custo-table.tsx(232,14): error TS2559: Type '{ children: string; }' has no properties in common with type 'IntrinsicAttributes & RefAttributes<unknown>'.
src/features/financeiro/components/centros-custo-table.tsx(233,14): error TS2559: Type '{ children: Element; }' has no properties in common with type 'IntrinsicAttributes & RefAttributes<unknown>'.
src/features/financeiro/components/centros-custo-table.tsx(243,14): error TS2322: Type '{ children: string; className: string; }' is not assignable to type 'IntrinsicAttributes & RefAttributes<unknown>'.
  Property 'children' does not exist on type 'IntrinsicAttributes & RefAttributes<unknown>'.
src/features/financeiro/components/centros-custo-table.tsx(246,10): error TS2559: Type '{ children: Element | Element[]; }' has no properties in common with type 'IntrinsicAttributes & RefAttributes<unknown>'.
src/features/financeiro/components/centros-custo-table.tsx(248,14): error TS2559: Type '{ children: Element; }' has no properties in common with type 'IntrinsicAttributes & RefAttributes<unknown>'.
src/features/financeiro/components/centros-custo-table.tsx(249,16): error TS2322: Type '{ children: string; colSpan: number; className: string; }' is not assignable to type 'IntrinsicAttributes & RefAttributes<unknown>'.
  Property 'children' does not exist on type 'IntrinsicAttributes & RefAttributes<unknown>'.
src/features/financeiro/components/centros-custo-table.tsx(259,18): error TS2322: Type '{ children: Element[]; key: number; }' is not assignable to type 'IntrinsicAttributes & RefAttributes<unknown>'.
  Property 'children' does not exist on type 'IntrinsicAttributes & RefAttributes<unknown>'.
src/features/financeiro/components/centros-custo-table.tsx(260,20): error TS2559: Type '{ children: Element; }' has no properties in common with type 'IntrinsicAttributes & RefAttributes<unknown>'.
src/features/financeiro/components/centros-custo-table.tsx(266,20): error TS2322: Type '{ children: string; className: string; }' is not assignable to type 'IntrinsicAttributes & RefAttributes<unknown>'.
  Property 'children' does not exist on type 'IntrinsicAttributes & RefAttributes<unknown>'.
src/features/financeiro/components/centros-custo-table.tsx(269,20): error TS2559: Type '{ children: Element; }' has no properties in common with type 'IntrinsicAttributes & RefAttributes<unknown>'.
src/features/financeiro/components/centros-custo-table.tsx(282,20): error TS2559: Type '{ children: JSX.Element; }' has no properties in common with type 'IntrinsicAttributes & RefAttributes<unknown>'.
src/features/financeiro/components/centros-custo-table.tsx(285,20): error TS2559: Type '{ children: Element; }' has no properties in common with type 'IntrinsicAttributes & RefAttributes<unknown>'.
src/features/financeiro/components/centros-custo-table.tsx(294,20): error TS2559: Type '{ children: Element; }' has no properties in common with type 'IntrinsicAttributes & RefAttributes<unknown>'.
src/features/financeiro/components/centros-custo-table.tsx(311,20): error TS2559: Type '{ children: JSX.Element; }' has no properties in common with type 'IntrinsicAttributes & RefAttributes<unknown>'.
src/features/financeiro/components/centros-custo-table.tsx(314,20): error TS2322: Type '{ children: Element; className: string; }' is not assignable to type 'IntrinsicAttributes & RefAttributes<unknown>'.
  Property 'children' does not exist on type 'IntrinsicAttributes & RefAttributes<unknown>'.
src/features/financeiro/components/centros-custo-view-modal.tsx(2,1): error TS6133: 'React' is declared but its value is never read.
src/features/financeiro/components/centros-custo-view-modal.tsx(13,1): error TS6133: 'Separator' is declared but its value is never read.
src/features/financeiro/components/centros-custo-view-modal.tsx(39,33): error TS2503: Cannot find namespace 'JSX'.
src/features/financeiro/components/centros-custo-view-modal.tsx(56,57): error TS2503: Cannot find namespace 'JSX'.
src/features/financeiro/components/centros-custo-view-modal.tsx(76,51): error TS2503: Cannot find namespace 'JSX'.
src/features/financeiro/components/contas-a-pagar-filters.tsx(2,1): error TS6133: 'useState' is declared but its value is never read.
src/features/financeiro/components/contas-a-pagar-summary.tsx(22,30): error TS2769: No overload matches this call.
  Overload 1 of 3, '(callbackfn: (previousValue: Conta, currentValue: Conta, currentIndex: number, array: Conta[]) => Conta, initialValue: Conta): Conta', gave the following error.
    Argument of type '(acc: SummaryData, conta: Conta) => SummaryData' is not assignable to parameter of type '(previousValue: Conta, currentValue: Conta, currentIndex: number, array: Conta[]) => Conta'.
      Types of parameters 'acc' and 'previousValue' are incompatible.
        Type 'Conta' is missing the following properties from type 'SummaryData': vencidos, vencemHoje, aVencer, pagos, and 8 more.
  Overload 2 of 3, '(callbackfn: (previousValue: SummaryData, currentValue: Conta, currentIndex: number, array: Conta[]) => SummaryData, initialValue: SummaryData): SummaryData', gave the following error.
    Argument of type '{ vencidos: number; vencemHoje: number; aVencer: number; pagos: number; total: number; }' is not assignable to parameter of type 'SummaryData'.
      Type '{ vencidos: number; vencemHoje: number; aVencer: number; pagos: number; total: number; }' is missing the following properties from type 'SummaryData': totalEntradas, totalSaidas, resultado, ativos, and 4 more.
src/features/financeiro/components/contas-a-pagar-summary.tsx(60,28): error TS2339: Property 'vencidos' does not exist on type 'Conta'.
src/features/financeiro/components/contas-a-pagar-summary.tsx(65,28): error TS2339: Property 'vencemHoje' does not exist on type 'Conta'.
src/features/financeiro/components/contas-a-pagar-summary.tsx(70,28): error TS2339: Property 'aVencer' does not exist on type 'Conta'.
src/features/financeiro/components/contas-a-pagar-summary.tsx(75,28): error TS2339: Property 'pagos' does not exist on type 'Conta'.
src/features/financeiro/components/contas-a-pagar-table.tsx(558,9): error TS18048: 'aValue' is possibly 'undefined'.
src/features/financeiro/components/contas-a-pagar-table.tsx(558,18): error TS18048: 'bValue' is possibly 'undefined'.
src/features/financeiro/components/contas-a-pagar-table.tsx(561,9): error TS18048: 'aValue' is possibly 'undefined'.
src/features/financeiro/components/contas-a-pagar-table.tsx(561,18): error TS18048: 'bValue' is possibly 'undefined'.
src/features/financeiro/components/contas-a-pagar-table.tsx(645,10): error TS2559: Type '{ children: Element[]; }' has no properties in common with type 'IntrinsicAttributes & RefAttributes<unknown>'.
src/features/financeiro/components/contas-a-pagar-table.tsx(646,12): error TS2559: Type '{ children: Element; }' has no properties in common with type 'IntrinsicAttributes & RefAttributes<unknown>'.
src/features/financeiro/components/contas-a-pagar-table.tsx(647,14): error TS2559: Type '{ children: Element[]; }' has no properties in common with type 'IntrinsicAttributes & RefAttributes<unknown>'.
src/features/financeiro/components/contas-a-pagar-table.tsx(648,16): error TS2322: Type '{ children: Element; className: string; }' is not assignable to type 'IntrinsicAttributes & RefAttributes<unknown>'.
  Property 'children' does not exist on type 'IntrinsicAttributes & RefAttributes<unknown>'.
src/features/financeiro/components/contas-a-pagar-table.tsx(654,16): error TS2559: Type '{ children: Element; }' has no properties in common with type 'IntrinsicAttributes & RefAttributes<unknown>'.
src/features/financeiro/components/contas-a-pagar-table.tsx(664,16): error TS2559: Type '{ children: Element; }' has no properties in common with type 'IntrinsicAttributes & RefAttributes<unknown>'.
src/features/financeiro/components/contas-a-pagar-table.tsx(674,16): error TS2559: Type '{ children: Element; }' has no properties in common with type 'IntrinsicAttributes & RefAttributes<unknown>'.
src/features/financeiro/components/contas-a-pagar-table.tsx(687,16): error TS2559: Type '{ children: Element; }' has no properties in common with type 'IntrinsicAttributes & RefAttributes<unknown>'.
src/features/financeiro/components/contas-a-pagar-table.tsx(697,16): error TS2322: Type '{ children: string; className: string; }' is not assignable to type 'IntrinsicAttributes & RefAttributes<unknown>'.
  Property 'children' does not exist on type 'IntrinsicAttributes & RefAttributes<unknown>'.
src/features/financeiro/components/contas-a-pagar-table.tsx(700,12): error TS2559: Type '{ children: Element | Element[]; }' has no properties in common with type 'IntrinsicAttributes & RefAttributes<unknown>'.
src/features/financeiro/components/contas-a-pagar-table.tsx(702,16): error TS2559: Type '{ children: Element; }' has no properties in common with type 'IntrinsicAttributes & RefAttributes<unknown>'.
src/features/financeiro/components/contas-a-pagar-table.tsx(703,18): error TS2322: Type '{ children: string; colSpan: number; className: string; }' is not assignable to type 'IntrinsicAttributes & RefAttributes<unknown>'.
  Property 'children' does not exist on type 'IntrinsicAttributes & RefAttributes<unknown>'.
src/features/financeiro/components/contas-a-pagar-table.tsx(709,18): error TS2322: Type '{ children: Element[]; key: string; }' is not assignable to type 'IntrinsicAttributes & RefAttributes<unknown>'.
  Property 'children' does not exist on type 'IntrinsicAttributes & RefAttributes<unknown>'.
src/features/financeiro/components/contas-a-pagar-table.tsx(710,20): error TS2559: Type '{ children: Element; }' has no properties in common with type 'IntrinsicAttributes & RefAttributes<unknown>'.
src/features/financeiro/components/contas-a-pagar-table.tsx(716,20): error TS2559: Type '{ children: string; }' has no properties in common with type 'IntrinsicAttributes & RefAttributes<unknown>'.
src/features/financeiro/components/contas-a-pagar-table.tsx(719,20): error TS2559: Type '{ children: string; }' has no properties in common with type 'IntrinsicAttributes & RefAttributes<unknown>'.
src/features/financeiro/components/contas-a-pagar-table.tsx(720,20): error TS2322: Type '{ children: string; className: string; }' is not assignable to type 'IntrinsicAttributes & RefAttributes<unknown>'.
  Property 'children' does not exist on type 'IntrinsicAttributes & RefAttributes<unknown>'.
src/features/financeiro/components/contas-a-pagar-table.tsx(726,20): error TS2559: Type '{ children: Element | null; }' has no properties in common with type 'IntrinsicAttributes & RefAttributes<unknown>'.
src/features/financeiro/components/contas-a-pagar-table.tsx(729,20): error TS2559: Type '{ children: Element; }' has no properties in common with type 'IntrinsicAttributes & RefAttributes<unknown>'.
src/features/financeiro/components/contas-a-receber-filters.tsx(2,1): error TS6133: 'useState' is declared but its value is never read.
src/features/financeiro/components/contas-a-receber-filters.tsx(15,3): error TS7031: Binding element 'selectedPeriod' implicitly has an 'any' type.
src/features/financeiro/components/contas-a-receber-filters.tsx(16,3): error TS7031: Binding element 'onPeriodChange' implicitly has an 'any' type.
src/features/financeiro/components/contas-a-receber-filters.tsx(17,3): error TS7031: Binding element 'searchTerm' implicitly has an 'any' type.
src/features/financeiro/components/contas-a-receber-filters.tsx(18,3): error TS7031: Binding element 'onSearchChange' implicitly has an 'any' type.
src/features/financeiro/components/contas-a-receber-filters.tsx(19,3): error TS7031: Binding element 'statusFilter' implicitly has an 'any' type.
src/features/financeiro/components/contas-a-receber-filters.tsx(20,3): error TS7031: Binding element 'onStatusFilterChange' implicitly has an 'any' type.
src/features/financeiro/components/contas-a-receber-summary.tsx(4,11): error TS6196: 'SummaryCardProps' is declared but never used.
src/features/financeiro/components/contas-a-receber-summary.tsx(18,43): error TS2339: Property 'vencimento' does not exist on type 'never'.
src/features/financeiro/components/contas-a-receber-summary.tsx(23,40): error TS2339: Property 'situacao' does not exist on type 'never'.
src/features/financeiro/components/contas-a-receber-summary.tsx(24,29): error TS2339: Property 'total' does not exist on type 'never'.
src/features/financeiro/components/contas-a-receber-summary.tsx(27,67): error TS2339: Property 'situacao' does not exist on type 'never'.
src/features/financeiro/components/contas-a-receber-summary.tsx(28,31): error TS2339: Property 'total' does not exist on type 'never'.
src/features/financeiro/components/contas-a-receber-summary.tsx(31,45): error TS2339: Property 'situacao' does not exist on type 'never'.
src/features/financeiro/components/contas-a-receber-summary.tsx(32,28): error TS2339: Property 'total' does not exist on type 'never'.
src/features/financeiro/components/contas-a-receber-summary.tsx(35,15): error TS2339: Property 'situacao' does not exist on type 'never'.
src/features/financeiro/components/contas-a-receber-summary.tsx(36,30): error TS2339: Property 'total' does not exist on type 'never'.
src/features/financeiro/components/contas-a-receber-summary.tsx(40,24): error TS2339: Property 'total' does not exist on type 'never'.
src/features/financeiro/components/contas-a-receber-summary.tsx(83,24): error TS7031: Binding element 'title' implicitly has an 'any' type.
src/features/financeiro/components/contas-a-receber-summary.tsx(83,31): error TS7031: Binding element 'value' implicitly has an 'any' type.
src/features/financeiro/components/contas-a-receber-summary.tsx(83,38): error TS7031: Binding element 'variant' implicitly has an 'any' type.
src/features/financeiro/components/contas-a-receber-summary.tsx(93,22): error TS7053: Element implicitly has an 'any' type because expression of type 'any' can't be used to index type '{ danger: string; warning: string; info: string; success: string; default: string; }'.
src/features/financeiro/components/contas-a-receber-table.tsx(558,9): error TS18048: 'aValue' is possibly 'undefined'.
src/features/financeiro/components/contas-a-receber-table.tsx(558,18): error TS18048: 'bValue' is possibly 'undefined'.
src/features/financeiro/components/contas-a-receber-table.tsx(561,9): error TS18048: 'aValue' is possibly 'undefined'.
src/features/financeiro/components/contas-a-receber-table.tsx(561,18): error TS18048: 'bValue' is possibly 'undefined'.
src/features/financeiro/components/contas-a-receber-table.tsx(645,10): error TS2559: Type '{ children: Element[]; }' has no properties in common with type 'IntrinsicAttributes & RefAttributes<unknown>'.
src/features/financeiro/components/contas-a-receber-table.tsx(646,12): error TS2559: Type '{ children: Element; }' has no properties in common with type 'IntrinsicAttributes & RefAttributes<unknown>'.
src/features/financeiro/components/contas-a-receber-table.tsx(647,14): error TS2559: Type '{ children: Element[]; }' has no properties in common with type 'IntrinsicAttributes & RefAttributes<unknown>'.
src/features/financeiro/components/contas-a-receber-table.tsx(648,16): error TS2322: Type '{ children: Element; className: string; }' is not assignable to type 'IntrinsicAttributes & RefAttributes<unknown>'.
  Property 'children' does not exist on type 'IntrinsicAttributes & RefAttributes<unknown>'.
src/features/financeiro/components/contas-a-receber-table.tsx(654,16): error TS2559: Type '{ children: Element; }' has no properties in common with type 'IntrinsicAttributes & RefAttributes<unknown>'.
src/features/financeiro/components/contas-a-receber-table.tsx(664,16): error TS2559: Type '{ children: Element; }' has no properties in common with type 'IntrinsicAttributes & RefAttributes<unknown>'.
src/features/financeiro/components/contas-a-receber-table.tsx(674,16): error TS2559: Type '{ children: Element; }' has no properties in common with type 'IntrinsicAttributes & RefAttributes<unknown>'.
src/features/financeiro/components/contas-a-receber-table.tsx(687,16): error TS2559: Type '{ children: Element; }' has no properties in common with type 'IntrinsicAttributes & RefAttributes<unknown>'.
src/features/financeiro/components/contas-a-receber-table.tsx(697,16): error TS2322: Type '{ children: string; className: string; }' is not assignable to type 'IntrinsicAttributes & RefAttributes<unknown>'.
  Property 'children' does not exist on type 'IntrinsicAttributes & RefAttributes<unknown>'.
src/features/financeiro/components/contas-a-receber-table.tsx(700,12): error TS2559: Type '{ children: Element | Element[]; }' has no properties in common with type 'IntrinsicAttributes & RefAttributes<unknown>'.
src/features/financeiro/components/contas-a-receber-table.tsx(702,16): error TS2559: Type '{ children: Element; }' has no properties in common with type 'IntrinsicAttributes & RefAttributes<unknown>'.
src/features/financeiro/components/contas-a-receber-table.tsx(703,18): error TS2322: Type '{ children: string; colSpan: number; className: string; }' is not assignable to type 'IntrinsicAttributes & RefAttributes<unknown>'.
  Property 'children' does not exist on type 'IntrinsicAttributes & RefAttributes<unknown>'.
src/features/financeiro/components/contas-a-receber-table.tsx(709,18): error TS2322: Type '{ children: Element[]; key: string; }' is not assignable to type 'IntrinsicAttributes & RefAttributes<unknown>'.
  Property 'children' does not exist on type 'IntrinsicAttributes & RefAttributes<unknown>'.
src/features/financeiro/components/contas-a-receber-table.tsx(710,20): error TS2559: Type '{ children: Element; }' has no properties in common with type 'IntrinsicAttributes & RefAttributes<unknown>'.
src/features/financeiro/components/contas-a-receber-table.tsx(716,20): error TS2559: Type '{ children: string; }' has no properties in common with type 'IntrinsicAttributes & RefAttributes<unknown>'.
src/features/financeiro/components/contas-a-receber-table.tsx(719,20): error TS2559: Type '{ children: string; }' has no properties in common with type 'IntrinsicAttributes & RefAttributes<unknown>'.
src/features/financeiro/components/contas-a-receber-table.tsx(720,20): error TS2322: Type '{ children: string; className: string; }' is not assignable to type 'IntrinsicAttributes & RefAttributes<unknown>'.
  Property 'children' does not exist on type 'IntrinsicAttributes & RefAttributes<unknown>'.
src/features/financeiro/components/contas-a-receber-table.tsx(726,20): error TS2559: Type '{ children: Element | null; }' has no properties in common with type 'IntrinsicAttributes & RefAttributes<unknown>'.
src/features/financeiro/components/contas-a-receber-table.tsx(729,20): error TS2559: Type '{ children: Element; }' has no properties in common with type 'IntrinsicAttributes & RefAttributes<unknown>'.
src/features/financeiro/components/fluxo-caixa-chart.tsx(1,8): error TS6133: 'React' is declared but its value is never read.
src/features/financeiro/components/fluxo-caixa-chart.tsx(12,66): error TS2503: Cannot find namespace 'JSX'.
src/features/financeiro/components/fluxo-caixa-filters.tsx(1,1): error TS6133: 'React' is declared but its value is never read.
src/features/financeiro/components/fluxo-caixa-filters.tsx(32,29): error TS2503: Cannot find namespace 'JSX'.
src/features/financeiro/components/fluxo-caixa-summary.tsx(1,1): error TS6133: 'React' is declared but its value is never read.
src/features/financeiro/components/fluxo-caixa-summary.tsx(21,75): error TS2503: Cannot find namespace 'JSX'.
src/features/financeiro/components/fluxo-caixa-summary.tsx(85,23): error TS2503: Cannot find namespace 'JSX'.
src/features/financeiro/components/fluxo-caixa-table.tsx(154,3): error TS6133: 'year' is declared but its value is never read.
src/features/financeiro/components/fluxo-caixa-table.tsx(157,3): error TS2322: Type '{ modulo: string; tipo: string; jan: number; fev: number; mar: number; abr: number; mai: number; jun: number; jul: number; ago: number; set: number; out: number; nov: number; dez: number; }[]' is not assignable to type 'FluxoCaixaDetailed[]'.
  Type '{ modulo: string; tipo: string; jan: number; fev: number; mar: number; abr: number; mai: number; jun: number; jul: number; ago: number; set: number; out: number; nov: number; dez: number; }' is not assignable to type 'FluxoCaixaDetailed'.
    Types of property 'tipo' are incompatible.
      Type 'string' is not assignable to type '"saldo-inicial" | "entrada" | "saida" | "resultado" | "saldo-final"'.
src/features/financeiro/components/fluxo-caixa-table.tsx(161,3): error TS6133: 'apiEndpoint' is declared but its value is never read.
src/features/financeiro/components/fluxo-caixa-table.tsx(164,27): error TS2503: Cannot find namespace 'JSX'.
src/features/financeiro/components/recorrencia-section.tsx(2,1): error TS6133: 'React' is declared but its value is never read.
src/features/financeiro/components/recorrencia-section.tsx(212,23): error TS2322: Type '{ value: string; onChange: (value: string) => void; min: string; }' is not assignable to type 'IntrinsicAttributes & DateInputProps'.
  Property 'min' does not exist on type 'IntrinsicAttributes & DateInputProps'.
src/features/financeiro/components/searchable-combobox.tsx(8,3): error TS6133: 'CommandEmpty' is declared but its value is never read.
src/features/financeiro/components/searchable-combobox.tsx(10,3): error TS6133: 'CommandInput' is declared but its value is never read.
src/features/navigation/components/CommandPallete/index.tsx(32,5): error TS2552: Cannot find name 'navigate'. Did you mean 'navigator'?
src/features/navigation/components/Sidebar/feedback-button.tsx(34,1): error TS6133: 'useMutation' is declared but its value is never read.
src/features/navigation/components/Sidebar/feedback-button.tsx(35,1): error TS6133: 'toast' is declared but its value is never read.
src/features/navigation/components/Sidebar/feedback-button.tsx(36,1): error TS6133: 'api' is declared but its value is never read.
src/features/navigation/components/Sidebar/team-switcher.tsx(1,1): error TS6192: All imports in import declaration are unused.
src/features/navigation/components/Sidebar/team-switcher.tsx(6,3): error TS6133: 'useSidebar' is declared but its value is never read.
src/features/navigation/components/Sidebar/team-switcher.tsx(8,1): error TS6133: 'useQueryClient' is declared but its value is never read.
src/features/navigation/components/Sidebar/team-switcher.tsx(9,1): error TS6133: 'useConcessionariasStore' is declared but its value is never read.
src/features/navigation/utils/navigation-links.ts(1,1): error TS6133: 'ChartColumnBig' is declared but its value is never read.
src/features/navigation/utils/navigation-links.ts(8,3): error TS6133: 'BookUser' is declared but its value is never read.
src/features/navigation/utils/navigation-links.ts(11,3): error TS6133: 'Magnet' is declared but its value is never read.
src/features/navigation/utils/navigation-links.ts(14,3): error TS6133: 'SquareActivity' is declared but its value is never read.
src/features/navigation/utils/useFilteredNavigationLinks.ts(1,1): error TS6133: 'useUserStore' is declared but its value is never read.
src/features/plantas/components/planta-modal.tsx(14,21): error TS6133: 'PlantaFormData' is declared but its value is never read.
src/features/plantas/components/planta-modal.tsx(16,42): error TS2305: Module '"@/services/plantas.services"' has no exported member 'CreatePlantaRequest'.
src/features/plantas/components/planta-modal.tsx(16,63): error TS2305: Module '"@/services/plantas.services"' has no exported member 'UpdatePlantaRequest'.
src/features/plantas/components/planta-modal.tsx(44,9): error TS6133: 'cnpjClean' is declared but its value is never read.
src/features/plantas/components/PlantasPage.tsx(352,15): error TS2322: Type 'PlantaResponse[]' is not assignable to type 'BaseEntity[]'.
  Type 'PlantaResponse' is missing the following properties from type 'BaseEntity': createdAt, updatedAt
src/features/plantas/components/PlantasPage.tsx(353,15): error TS2322: Type 'TableColumn<PlantaApiResponse>[]' is not assignable to type 'TableColumn<BaseEntity>[]'.
  Type 'TableColumn<PlantaApiResponse>' is not assignable to type 'TableColumn<BaseEntity>'.
    Type 'BaseEntity' is missing the following properties from type 'PlantaApiResponse': nome, cnpj, localizacao, horarioFuncionamento, and 4 more.
src/features/plantas/components/PlantasPage.tsx(357,15): error TS2322: Type '(planta: PlantaResponse) => Promise<void>' is not assignable to type '(entity: BaseEntity) => void'.
  Types of parameters 'planta' and 'entity' are incompatible.
    Type 'BaseEntity' is missing the following properties from type 'PlantaResponse': nome, cnpj, localizacao, horarioFuncionamento, and 4 more.
src/features/plantas/components/PlantasPage.tsx(358,15): error TS2322: Type '(planta: PlantaResponse) => Promise<void>' is not assignable to type '(entity: BaseEntity) => void'.
  Types of parameters 'planta' and 'entity' are incompatible.
    Type 'BaseEntity' is missing the following properties from type 'PlantaResponse': nome, cnpj, localizacao, horarioFuncionamento, and 4 more.
src/features/plantas/components/PlantasPage.tsx(375,11): error TS2322: Type 'PlantaResponse | undefined' is not assignable to type 'PlantaResponse | null'.
  Type 'undefined' is not assignable to type 'PlantaResponse | null'.
src/features/plantas/config/filter-config.tsx(2,8): error TS6133: 'React' is declared but its value is never read.
src/features/plantas/config/filter-config.tsx(4,1): error TS6192: All imports in import declaration are unused.
src/features/plantas/data/mock-data.ts(6,5): error TS2322: Type 'number' is not assignable to type 'string'.
src/features/plantas/data/mock-data.ts(19,5): error TS2322: Type 'number' is not assignable to type 'string'.
src/features/plantas/data/mock-data.ts(21,7): error TS2322: Type 'number' is not assignable to type 'string'.
src/features/plantas/data/mock-data.ts(28,5): error TS2322: Type 'number' is not assignable to type 'string'.
src/features/plantas/data/mock-data.ts(41,5): error TS2322: Type 'number' is not assignable to type 'string'.
src/features/plantas/data/mock-data.ts(43,7): error TS2322: Type 'number' is not assignable to type 'string'.
src/features/plantas/data/mock-data.ts(50,5): error TS2322: Type 'number' is not assignable to type 'string'.
src/features/plantas/data/mock-data.ts(63,5): error TS2322: Type 'number' is not assignable to type 'string'.
src/features/plantas/data/mock-data.ts(65,7): error TS2322: Type 'number' is not assignable to type 'string'.
src/features/plantas/data/mock-data.ts(72,5): error TS2322: Type 'number' is not assignable to type 'string'.
src/features/plantas/data/mock-data.ts(85,5): error TS2322: Type 'number' is not assignable to type 'string'.
src/features/plantas/data/mock-data.ts(87,7): error TS2322: Type 'number' is not assignable to type 'string'.
src/features/plantas/data/mock-data.ts(94,5): error TS2322: Type 'number' is not assignable to type 'string'.
src/features/plantas/data/mock-data.ts(107,5): error TS2322: Type 'number' is not assignable to type 'string'.
src/features/plantas/data/mock-data.ts(109,7): error TS2322: Type 'number' is not assignable to type 'string'.
src/features/plantas/data/mock-data.ts(116,5): error TS2322: Type 'number' is not assignable to type 'string'.
src/features/plantas/data/mock-data.ts(129,5): error TS2322: Type 'number' is not assignable to type 'string'.
src/features/plantas/data/mock-data.ts(131,7): error TS2322: Type 'number' is not assignable to type 'string'.
src/features/plantas/data/mock-data.ts(138,5): error TS2322: Type 'number' is not assignable to type 'string'.
src/features/plantas/data/mock-data.ts(151,5): error TS2322: Type 'number' is not assignable to type 'string'.
src/features/plantas/data/mock-data.ts(153,7): error TS2322: Type 'number' is not assignable to type 'string'.
src/features/plantas/data/mock-data.ts(160,5): error TS2322: Type 'number' is not assignable to type 'string'.
src/features/plantas/data/mock-data.ts(173,5): error TS2322: Type 'number' is not assignable to type 'string'.
src/features/plantas/data/mock-data.ts(175,7): error TS2322: Type 'number' is not assignable to type 'string'.
src/features/plantas/hooks/usePlantas.ts(3,42): error TS6133: 'FindAllPlantasParams' is declared but its value is never read.
src/features/plantas/types/index.ts(2,42): error TS6133: 'BaseFiltersType' is declared but its value is never read.
src/features/supervisorio/components/__tests__/DomAnchoredConnectionsOverlay.test.tsx(10,54): error TS2307: Cannot find module 'vitest' or its corresponding type declarations.
src/features/supervisorio/components/__tests__/DomAnchoredConnectionsOverlay.test.tsx(11,18): error TS6133: 'screen' is declared but its value is never read.
src/features/supervisorio/components/__tests__/DomAnchoredConnectionsOverlay.test.tsx(11,32): error TS2307: Cannot find module '@testing-library/react' or its corresponding type declarations.
src/features/supervisorio/components/a966-modal.tsx(11,1): error TS6133: 'useMqttWebSocket' is declared but its value is never read.
src/features/supervisorio/components/a966-modal.tsx(39,20): error TS2339: Property 'payload' does not exist on type 'never'.
src/features/supervisorio/components/a966-modal.tsx(51,24): error TS2339: Property 'payload' does not exist on type 'never'.
src/features/supervisorio/components/a966-modal.tsx(70,35): error TS2339: Property 'payload' does not exist on type 'never'.
src/features/supervisorio/components/a966-modal.tsx(83,37): error TS2339: Property 'timestamp' does not exist on type 'never'.
src/features/supervisorio/components/a966-modal.tsx(140,58): error TS2339: Property 'timestamp' does not exist on type 'never'.
src/features/supervisorio/components/connections-overlay.tsx(94,9): error TS6133: 'halfWidth' is declared but its value is never read.
src/features/supervisorio/components/connections-overlay.tsx(95,9): error TS6133: 'halfHeight' is declared but its value is never read.
src/features/supervisorio/components/DiagramGrid.tsx(17,7): error TS6133: 'useThemeDetection' is declared but its value is never read.
src/features/supervisorio/components/DiagramGrid.tsx(88,3): error TS6133: 'subStrokeWidth' is declared but its value is never read.
src/features/supervisorio/components/DiagramGrid.tsx(94,9): error TS6133: 'subGridColor' is declared but its value is never read.
src/features/supervisorio/components/DiagramGrid.tsx(104,9): error TS6133: 'subPatternId' is declared but its value is never read.
src/features/supervisorio/components/DomAnchoredConnectionsOverlay.tsx(208,3): error TS6133: 'fromCenterX' is declared but its value is never read.
src/features/supervisorio/components/DomAnchoredConnectionsOverlay.tsx(209,3): error TS6133: 'fromCenterY' is declared but its value is never read.
src/features/supervisorio/components/DomAnchoredConnectionsOverlay.tsx(762,15): error TS6133: 'isHovered' is declared but its value is never read.
src/features/supervisorio/components/landisgyr-modal.tsx(11,1): error TS6133: 'useMqttWebSocket' is declared but its value is never read.
src/features/supervisorio/components/landisgyr-modal.tsx(39,20): error TS2339: Property 'payload' does not exist on type 'never'.
src/features/supervisorio/components/landisgyr-modal.tsx(64,24): error TS2339: Property 'payload' does not exist on type 'never'.
src/features/supervisorio/components/landisgyr-modal.tsx(86,35): error TS2339: Property 'payload' does not exist on type 'never'.
src/features/supervisorio/components/landisgyr-modal.tsx(148,58): error TS2339: Property 'timestamp' does not exist on type 'never'.
src/features/supervisorio/components/logs-auditoria-filter.tsx(11,1): error TS6133: 'CategoriaAuditoria' is declared but its value is never read.
src/features/supervisorio/components/logs-eventos-table.tsx(51,12): error TS2322: Type '{ children: Element[]; className: string; }' is not assignable to type 'IntrinsicAttributes & RefAttributes<unknown>'.
  Property 'children' does not exist on type 'IntrinsicAttributes & RefAttributes<unknown>'.
src/features/supervisorio/components/logs-eventos-table.tsx(52,14): error TS2559: Type '{ children: Element; }' has no properties in common with type 'IntrinsicAttributes & RefAttributes<unknown>'.
src/features/supervisorio/components/logs-eventos-table.tsx(53,16): error TS2559: Type '{ children: Element[]; }' has no properties in common with type 'IntrinsicAttributes & RefAttributes<unknown>'.
src/features/supervisorio/components/logs-eventos-table.tsx(54,18): error TS2322: Type '{ children: string; className: string; }' is not assignable to type 'IntrinsicAttributes & RefAttributes<unknown>'.
  Property 'children' does not exist on type 'IntrinsicAttributes & RefAttributes<unknown>'.
src/features/supervisorio/components/logs-eventos-table.tsx(55,18): error TS2322: Type '{ children: string; className: string; }' is not assignable to type 'IntrinsicAttributes & RefAttributes<unknown>'.
  Property 'children' does not exist on type 'IntrinsicAttributes & RefAttributes<unknown>'.
src/features/supervisorio/components/logs-eventos-table.tsx(56,18): error TS2322: Type '{ children: string; className: string; }' is not assignable to type 'IntrinsicAttributes & RefAttributes<unknown>'.
  Property 'children' does not exist on type 'IntrinsicAttributes & RefAttributes<unknown>'.
src/features/supervisorio/components/logs-eventos-table.tsx(57,18): error TS2322: Type '{ children: string; className: string; }' is not assignable to type 'IntrinsicAttributes & RefAttributes<unknown>'.
  Property 'children' does not exist on type 'IntrinsicAttributes & RefAttributes<unknown>'.
src/features/supervisorio/components/logs-eventos-table.tsx(58,18): error TS2322: Type '{ children: string; className: string; }' is not assignable to type 'IntrinsicAttributes & RefAttributes<unknown>'.
  Property 'children' does not exist on type 'IntrinsicAttributes & RefAttributes<unknown>'.
src/features/supervisorio/components/logs-eventos-table.tsx(59,18): error TS2322: Type '{ children: string; className: string; }' is not assignable to type 'IntrinsicAttributes & RefAttributes<unknown>'.
  Property 'children' does not exist on type 'IntrinsicAttributes & RefAttributes<unknown>'.
src/features/supervisorio/components/logs-eventos-table.tsx(62,14): error TS2559: Type '{ children: Element | Element[]; }' has no properties in common with type 'IntrinsicAttributes & RefAttributes<unknown>'.
src/features/supervisorio/components/logs-eventos-table.tsx(64,18): error TS2559: Type '{ children: Element; }' has no properties in common with type 'IntrinsicAttributes & RefAttributes<unknown>'.
src/features/supervisorio/components/logs-eventos-table.tsx(65,20): error TS2322: Type '{ children: string; colSpan: number; className: string; }' is not assignable to type 'IntrinsicAttributes & RefAttributes<unknown>'.
  Property 'children' does not exist on type 'IntrinsicAttributes & RefAttributes<unknown>'.
src/features/supervisorio/components/logs-eventos-table.tsx(74,20): error TS2322: Type '{ children: Element[]; key: string; }' is not assignable to type 'IntrinsicAttributes & RefAttributes<unknown>'.
  Property 'children' does not exist on type 'IntrinsicAttributes & RefAttributes<unknown>'.
src/features/supervisorio/components/logs-eventos-table.tsx(75,22): error TS2322: Type '{ children: string; className: string; }' is not assignable to type 'IntrinsicAttributes & RefAttributes<unknown>'.
  Property 'children' does not exist on type 'IntrinsicAttributes & RefAttributes<unknown>'.
src/features/supervisorio/components/logs-eventos-table.tsx(78,22): error TS2322: Type '{ children: string; className: string; }' is not assignable to type 'IntrinsicAttributes & RefAttributes<unknown>'.
  Property 'children' does not exist on type 'IntrinsicAttributes & RefAttributes<unknown>'.
src/features/supervisorio/components/logs-eventos-table.tsx(81,22): error TS2322: Type '{ children: Element; className: string; }' is not assignable to type 'IntrinsicAttributes & RefAttributes<unknown>'.
  Property 'children' does not exist on type 'IntrinsicAttributes & RefAttributes<unknown>'.
src/features/supervisorio/components/logs-eventos-table.tsx(86,22): error TS2322: Type '{ children: string; className: string; }' is not assignable to type 'IntrinsicAttributes & RefAttributes<unknown>'.
  Property 'children' does not exist on type 'IntrinsicAttributes & RefAttributes<unknown>'.
src/features/supervisorio/components/logs-eventos-table.tsx(89,22): error TS2322: Type '{ children: string; className: string; }' is not assignable to type 'IntrinsicAttributes & RefAttributes<unknown>'.
  Property 'children' does not exist on type 'IntrinsicAttributes & RefAttributes<unknown>'.
src/features/supervisorio/components/logs-eventos-table.tsx(90,22): error TS2322: Type '{ children: Element; className: string; }' is not assignable to type 'IntrinsicAttributes & RefAttributes<unknown>'.
  Property 'children' does not exist on type 'IntrinsicAttributes & RefAttributes<unknown>'.
src/features/supervisorio/components/m160-modal.tsx(88,29): error TS2339: Property 'Dados' does not exist on type 'InversorMqttData'.
src/features/supervisorio/components/m160-modal.tsx(111,32): error TS2339: Property 'Dados' does not exist on type 'InversorMqttData'.
src/features/supervisorio/components/mapa-brasil.tsx(535,34): error TS6133: 'index' is declared but its value is never read.
src/features/supervisorio/components/mapa-brasil.tsx(701,59): error TS6133: 'index' is declared but its value is never read.
src/features/supervisorio/components/pivo/pivo-modal.tsx(65,3): error TS6133: 'onAlterarVelocidade' is declared but its value is never read.
src/features/supervisorio/components/pivo/pivo-symbol.tsx(12,3): error TS6133: 'operando' is declared but its value is never read.
src/features/supervisorio/components/sinoptico-diagrama.tsx(1361,3): error TS6133: 'mostrarGrid' is declared but its value is never read.
src/features/supervisorio/components/sinoptico-diagrama.tsx(1363,3): error TS6133: 'componenteEditando' is declared but its value is never read.
src/features/supervisorio/components/sinoptico-diagrama.tsx(1364,3): error TS6133: 'connecting' is declared but its value is never read.
src/features/supervisorio/components/sinoptico-graficos-v2.tsx(4,1): error TS6133: 'Skeleton' is declared but its value is never read.
src/features/supervisorio/components/sinoptico-graficos-v2.tsx(117,18): error TS6133: 'dadosPotenciaLegacy' is declared but its value is never read.
src/features/supervisorio/components/sinoptico-graficos-v2.tsx(151,18): error TS2551: Property 'equipamentosIds' does not exist on type '{ fonte: any; equipamentos: never[]; mostrarDetalhes: boolean; intervaloAtualizacao: any; aplicarPerdas: boolean; fatorPerdas: number; valorContratado: number; percentualAdicional: number; }'. Did you mean 'equipamentos'?
src/features/supervisorio/components/sinoptico-graficos-v2.tsx(180,16): error TS6133: 'isLoadingEquipamentos' is declared but its value is never read.
src/features/supervisorio/components/sinoptico-graficos-v2.tsx(269,59): error TS7006: Parameter 'equip' implicitly has an 'any' type.
src/features/unidades/components/unidade-modal.tsx(11,10): error TS2305: Module '"../types"' has no exported member 'ModalMode'.
src/features/unidades/components/unidade-modal.tsx(11,21): error TS6133: 'UnidadeFormData' is declared but its value is never read.
src/features/unidades/components/unidade-modal.tsx(13,25): error TS6133: 'unidadeToFormData' is declared but its value is never read.
src/features/unidades/components/unidade-modal.tsx(45,9): error TS6133: 'isViewMode' is declared but its value is never read.
src/features/unidades/components/unidade-modal.tsx(264,37): error TS2339: Property 'totalEquipamentos' does not exist on type 'Unidade'.
src/features/unidades/components/unidade-modal.tsx(270,56): error TS2339: Property 'totalEquipamentos' does not exist on type 'Unidade'.
src/features/unidades/components/unidade-modal.tsx(270,95): error TS2339: Property 'totalEquipamentos' does not exist on type 'Unidade'.
src/features/unidades/components/unidade-modal.tsx(270,147): error TS2339: Property 'totalEquipamentos' does not exist on type 'Unidade'.
src/features/unidades/components/unidade-modal.tsx(280,28): error TS2339: Property 'totalEquipamentos' does not exist on type 'Unidade'.
src/features/unidades/components/UnidadesPage.tsx(10,16): error TS6133: 'Factory' is declared but its value is never read.
src/features/unidades/components/UnidadesPage.tsx(40,52): error TS6133: 'plantasError' is declared but its value is never read.
src/features/unidades/components/UnidadesPage.tsx(74,45): error TS2345: Argument of type 'UnidadeFilters' is not assignable to parameter of type 'FilterUnidadeDto'.
  Types of property 'tipo' are incompatible.
    Type 'TipoUnidade | undefined' is not assignable to type 'TipoUnidadeNexon | undefined'.
      Type 'TipoUnidade.UFV' is not assignable to type 'TipoUnidadeNexon | undefined'.
src/features/unidades/components/UnidadesPage.tsx(76,19): error TS2345: Argument of type 'UnidadeNexon[]' is not assignable to parameter of type 'SetStateAction<Unidade[]>'.
  Type 'UnidadeNexon[]' is not assignable to type 'Unidade[]'.
    Type 'UnidadeNexon' is missing the following properties from type 'Unidade': plantaId, estado, cidade, latitude, and 3 more.
src/features/unidades/components/UnidadesPage.tsx(77,33): error TS2339: Property 'pagination' does not exist on type 'PaginatedUnidadeResponse'.
src/features/unidades/components/UnidadesPage.tsx(80,25): error TS2339: Property 'pagination' does not exist on type 'PaginatedUnidadeResponse'.
src/features/unidades/components/UnidadesPage.tsx(82,24): error TS2339: Property 'pagination' does not exist on type 'PaginatedUnidadeResponse'.
src/features/unidades/components/UnidadesPage.tsx(132,67): error TS2339: Property 'plantaId' does not exist on type 'UnidadeNexon'.
src/features/unidades/components/UnidadesPage.tsx(134,30): error TS2339: Property 'cep' does not exist on type 'UnidadeNexon'.
src/features/unidades/components/UnidadesPage.tsx(135,37): error TS2339: Property 'logradouro' does not exist on type 'UnidadeNexon'.
src/features/unidades/components/UnidadesPage.tsx(136,33): error TS2339: Property 'numero' does not exist on type 'UnidadeNexon'.
src/features/unidades/components/UnidadesPage.tsx(137,33): error TS2339: Property 'cidade' does not exist on type 'UnidadeNexon'.
src/features/unidades/components/UnidadesPage.tsx(138,33): error TS2339: Property 'estado' does not exist on type 'UnidadeNexon'.
src/features/unidades/components/UnidadesPage.tsx(140,25): error TS2345: Argument of type 'UnidadeNexon' is not assignable to parameter of type 'Unidade'.
  Type 'UnidadeNexon' is missing the following properties from type 'Unidade': plantaId, estado, cidade, latitude, and 3 more.
src/features/unidades/components/UnidadesPage.tsx(158,35): error TS2339: Property 'latitude' does not exist on type 'UnidadeNexon'.
src/features/unidades/components/UnidadesPage.tsx(159,36): error TS2339: Property 'longitude' does not exist on type 'UnidadeNexon'.
src/features/unidades/components/UnidadesPage.tsx(162,25): error TS2345: Argument of type 'UnidadeNexon' is not assignable to parameter of type 'Unidade'.
  Type 'UnidadeNexon' is missing the following properties from type 'Unidade': plantaId, estado, cidade, latitude, and 3 more.
src/features/unidades/components/UnidadesPage.tsx(253,11): error TS2322: Type 'Unidade | undefined' is not assignable to type 'Unidade | null'.
  Type 'undefined' is not assignable to type 'Unidade | null'.
src/features/unidades/config/form-config.tsx(391,13): error TS6133: 'tipoUnidade' is declared but its value is never read.
src/features/unidades/config/form-config.tsx(398,5): error TS2353: Object literal may only specify known properties, and 'helpText' does not exist in type 'FormField'.
src/features/unidades/config/form-config.tsx(415,13): error TS6133: 'tipoUnidade' is declared but its value is never read.
src/features/unidades/config/form-config.tsx(422,5): error TS2353: Object literal may only specify known properties, and 'helpText' does not exist in type 'FormField'.
src/features/unidades/hooks/useUnidades.ts(4,1): error TS6133: 'useState' is declared but its value is never read.
src/features/unidades/hooks/useUnidades.ts(12,3): error TS2614: Module '"@/services/unidades.services"' has no exported member 'getUnidadeEstatisticas'. Did you mean to use 'import getUnidadeEstatisticas from "@/services/unidades.services"' instead?
src/features/unidades/hooks/useUnidades.ts(13,3): error TS2614: Module '"@/services/unidades.services"' has no exported member 'getUnidadeEquipamentos'. Did you mean to use 'import getUnidadeEquipamentos from "@/services/unidades.services"' instead?
src/features/unidades/hooks/useUnidades.ts(17,3): error TS6196: 'CreateUnidadeDto' is declared but never used.
src/features/unidades/hooks/useUnidades.ts(35,35): error TS2345: Argument of type 'UnidadeFilters | undefined' is not assignable to parameter of type 'FilterUnidadeDto'.
  Type 'undefined' is not assignable to type 'FilterUnidadeDto'.
src/features/unidades/hooks/useUnidades.ts(66,31): error TS2339: Property 'pagination' does not exist on type 'PaginatedUnidadeResponse'.
src/features/unidades/index.ts(5,34): error TS2307: Cannot find module './components/UnidadeFormModal' or its corresponding type declarations.
src/features/unidades/index.ts(7,10): error TS2305: Module '"./config/filter-config"' has no exported member 'unidadesFilters'.
src/features/unidades/index.ts(8,10): error TS2724: '"./config/form-config"' has no exported member named 'unidadeFormFields'. Did you mean 'unidadesFormFields'?
src/features/usinas/components/detalhe-usina.tsx(2,1): error TS6133: 'React' is declared but its value is never read.
src/features/usinas/components/mapa-usinas.tsx(224,14): error TS2322: Type '{ children: string; jsx: true; }' is not assignable to type 'DetailedHTMLProps<StyleHTMLAttributes<HTMLStyleElement>, HTMLStyleElement>'.
  Property 'jsx' does not exist on type 'DetailedHTMLProps<StyleHTMLAttributes<HTMLStyleElement>, HTMLStyleElement>'.
src/features/usinas/components/modal-detalhes-usina.tsx(2,8): error TS6133: 'React' is declared but its value is never read.
src/features/usuarios/config/form-config.tsx(19,10): error TS6133: 'usePermissoes' is declared but its value is never read.
src/features/usuarios/config/form-config.tsx(267,7): error TS6133: 'GerenteSelector' is declared but its value is never read.
src/features/usuarios/config/form-config.tsx(279,7): error TS6133: 'ConcessionariaSelector' is declared but its value is never read.
src/features/usuarios/config/form-config.tsx(291,7): error TS6133: 'OrganizacaoSelector' is declared but its value is never read.
src/features/usuarios/examples/PermissionsExamples.tsx(14,70): error TS2307: Cannot find module '@/contexts/AuthPermissionsContext' or its corresponding type declarations.
src/features/usuarios/examples/PermissionsExamples.tsx(29,5): error TS6133: 'permissions' is declared but its value is never read.
src/features/usuarios/examples/PermissionsExamples.tsx(30,5): error TS2339: Property 'summary' does not exist on type '{ permissions: UserPermission[]; roles: Role[]; loading: boolean; error: string | null; refetch: () => Promise<void>; }'.
src/features/usuarios/examples/PermissionsExamples.tsx(33,5): error TS2339: Property 'hasPermission' does not exist on type '{ permissions: UserPermission[]; roles: Role[]; loading: boolean; error: string | null; refetch: () => Promise<void>; }'.
src/features/usuarios/examples/PermissionsExamples.tsx(34,5): error TS2339: Property 'checkPermission' does not exist on type '{ permissions: UserPermission[]; roles: Role[]; loading: boolean; error: string | null; refetch: () => Promise<void>; }'.
src/features/usuarios/examples/PermissionsExamples.tsx(35,5): error TS2339: Property 'assignRole' does not exist on type '{ permissions: UserPermission[]; roles: Role[]; loading: boolean; error: string | null; refetch: () => Promise<void>; }'.
src/features/usuarios/examples/PermissionsExamples.tsx(36,5): error TS2339: Property 'syncPermissions' does not exist on type '{ permissions: UserPermission[]; roles: Role[]; loading: boolean; error: string | null; refetch: () => Promise<void>; }'.
src/features/usuarios/examples/PermissionsExamples.tsx(36,5): error TS6133: 'syncPermissions' is declared but its value is never read.
src/features/usuarios/examples/PermissionsExamples.tsx(37,26): error TS2345: Argument of type '{ userId: string; autoLoad: boolean; }' is not assignable to parameter of type 'string'.
src/features/usuarios/examples/PermissionsExamples.tsx(150,9): error TS6198: All destructured elements are unused.
src/features/usuarios/hooks/useUsuarios.ts(187,11): error TS6133: 'mapToValidDbRole' is declared but its value is never read.
src/features/usuarios/utils/permissoes-utils.ts(10,5): error TS2322: Type '"PainelGeral"' is not assignable to type 'Permission'.
src/features/usuarios/utils/permissoes-utils.ts(11,5): error TS2322: Type '"PainelGeralOrganizacoes"' is not assignable to type 'Permission'.
src/features/usuarios/utils/permissoes-utils.ts(12,5): error TS2322: Type '"PainelGeralCativos"' is not assignable to type 'Permission'.
src/features/usuarios/utils/permissoes-utils.ts(13,5): error TS2322: Type '"PainelGeralClube"' is not assignable to type 'Permission'.
src/features/usuarios/utils/permissoes-utils.ts(17,5): error TS2322: Type '"MonitoramentoOrganizacoes"' is not assignable to type 'Permission'.
src/features/usuarios/utils/permissoes-utils.ts(18,5): error TS2322: Type '"Monitoramento"' is not assignable to type 'Permission'.
src/features/usuarios/utils/permissoes-utils.ts(19,5): error TS2820: Type '"MonitoramentoConsumo"' is not assignable to type 'Permission'. Did you mean '"monitoramento.view_consumo"'?
src/features/usuarios/utils/permissoes-utils.ts(21,5): error TS2322: Type '"NET"' is not assignable to type 'Permission'.
src/features/usuarios/utils/permissoes-utils.ts(22,5): error TS2322: Type '"CRM"' is not assignable to type 'Permission'.
src/features/usuarios/utils/permissoes-utils.ts(23,5): error TS2322: Type '"Oportunidades"' is not assignable to type 'Permission'.
src/features/usuarios/utils/permissoes-utils.ts(25,5): error TS2322: Type '"Usuarios"' is not assignable to type 'Permission'.
src/features/usuarios/utils/permissoes-utils.ts(26,5): error TS2322: Type '"Organizacoes"' is not assignable to type 'Permission'.
src/features/usuarios/utils/permissoes-utils.ts(27,5): error TS2322: Type '"UnidadesConsumidoras"' is not assignable to type 'Permission'.
src/features/usuarios/utils/permissoes-utils.ts(28,5): error TS2322: Type '"Configuracoes"' is not assignable to type 'Permission'.
src/features/usuarios/utils/permissoes-utils.ts(29,5): error TS2322: Type '"Arquivos"' is not assignable to type 'Permission'.
src/features/usuarios/utils/permissoes-utils.ts(34,5): error TS2322: Type '"Cadastros"' is not assignable to type 'Permission'.
src/features/usuarios/utils/permissoes-utils.ts(35,5): error TS2322: Type '"CadastroOrganizacoes"' is not assignable to type 'Permission'.
src/features/usuarios/utils/permissoes-utils.ts(36,5): error TS2322: Type '"CadastroUsuarios"' is not assignable to type 'Permission'.
src/features/usuarios/utils/permissoes-utils.ts(37,5): error TS2322: Type '"CadastroUnidadesConsumidoras"' is not assignable to type 'Permission'.
src/features/usuarios/utils/permissoes-utils.ts(38,5): error TS2322: Type '"CadastroConcessionarias"' is not assignable to type 'Permission'.
src/features/usuarios/utils/permissoes-utils.ts(40,5): error TS2322: Type '"FinanceiroAdmin"' is not assignable to type 'Permission'.
src/features/usuarios/utils/permissoes-utils.ts(41,5): error TS2322: Type '"Financeiro"' is not assignable to type 'Permission'.
src/features/usuarios/utils/permissoes-utils.ts(42,5): error TS2322: Type '"FinanceiroConsultor"' is not assignable to type 'Permission'.
src/features/usuarios/utils/permissoes-utils.ts(44,5): error TS2322: Type '"SuperAdmin"' is not assignable to type 'Permission'.
src/features/usuarios/utils/permissoes-utils.ts(46,5): error TS2322: Type '"GeracaoEnergia"' is not assignable to type 'Permission'.
src/features/usuarios/utils/permissoes-utils.ts(47,5): error TS2322: Type '"Reclamacoes"' is not assignable to type 'Permission'.
src/features/usuarios/utils/permissoes-utils.ts(49,5): error TS2322: Type '"Associados"' is not assignable to type 'Permission'.
src/features/usuarios/utils/permissoes-utils.ts(50,5): error TS2322: Type '"Documentos"' is not assignable to type 'Permission'.
src/features/usuarios/utils/permissoes-utils.ts(51,5): error TS2322: Type '"Prospeccao"' is not assignable to type 'Permission'.
src/features/usuarios/utils/permissoes-utils.ts(52,5): error TS2322: Type '"AreaDoAssociado"' is not assignable to type 'Permission'.
src/features/usuarios/utils/permissoes-utils.ts(53,5): error TS2322: Type '"AreaDoProprietario"' is not assignable to type 'Permission'.
src/features/usuarios/utils/permissoes-utils.ts(54,5): error TS2322: Type '"MinhasUsinas"' is not assignable to type 'Permission'.
src/features/usuarios/utils/permissoes-utils.ts(56,5): error TS2820: Type '"prospec.view"' is not assignable to type 'Permission'. Did you mean '"prospeccao.view"'?
src/features/usuarios/utils/permissoes-utils.ts(57,5): error TS2820: Type '"prospec.create"' is not assignable to type 'Permission'. Did you mean '"prospeccao.create"'?
src/features/usuarios/utils/permissoes-utils.ts(58,5): error TS2820: Type '"prospec.edit"' is not assignable to type 'Permission'. Did you mean '"prospeccao.edit"'?
src/features/usuarios/utils/permissoes-utils.ts(59,5): error TS2820: Type '"prospec.delete"' is not assignable to type 'Permission'. Did you mean '"prospeccao.delete"'?
src/features/usuarios/utils/permissoes-utils.ts(61,5): error TS2322: Type '"controle.view"' is not assignable to type 'Permission'.
src/features/usuarios/utils/permissoes-utils.ts(62,5): error TS2322: Type '"controle.manage"' is not assignable to type 'Permission'.
src/features/usuarios/utils/permissoes-utils.ts(64,5): error TS2322: Type '"ugs.view"' is not assignable to type 'Permission'.
src/features/usuarios/utils/permissoes-utils.ts(65,5): error TS2322: Type '"ugs.create"' is not assignable to type 'Permission'.
src/features/usuarios/utils/permissoes-utils.ts(66,5): error TS2322: Type '"ugs.edit"' is not assignable to type 'Permission'.
src/features/usuarios/utils/permissoes-utils.ts(71,5): error TS2322: Type '"equipe.view"' is not assignable to type 'Permission'.
src/features/usuarios/utils/permissoes-utils.ts(72,5): error TS2322: Type '"equipe.create"' is not assignable to type 'Permission'.
src/hooks/useDadosDemanda.ts(1,31): error TS6133: 'useMemo' is declared but its value is never read.
src/hooks/useDadosDemanda.ts(4,36): error TS6196: 'EquipamentoConfig' is declared but never used.
src/hooks/useDadosDemanda.ts(13,11): error TS6196: 'DadosEquipamento' is declared but never used.
src/hooks/useDiagramaUnidade.ts(5,10): error TS2724: '"@/services/equipamentos.services"' has no exported member named 'EquipamentosService'. Did you mean 'EquipamentosApiService'?
src/hooks/useDiagramaUnidade.ts(5,36): error TS2305: Module '"@/services/equipamentos.services"' has no exported member 'Equipamento'.
src/hooks/useDiagramaUnidade.ts(39,7): error TS2353: Object literal may only specify known properties, and 'tag' does not exist in type 'ComponenteDU'.
src/hooks/useDiagramaUnidade.ts(98,49): error TS7006: Parameter 'e' implicitly has an 'any' type.
src/hooks/useDiagramaUnidade.ts(121,49): error TS7006: Parameter 'equip' implicitly has an 'any' type.
src/hooks/useDiagramaUnidade.ts(121,56): error TS7006: Parameter 'index' implicitly has an 'any' type.
src/hooks/useDiagramaUnidade.ts(156,11): error TS2353: Object literal may only specify known properties, and 'svg_data' does not exist in type 'Partial<CreateDiagramaDto>'.
src/hooks/useDiagramaUnidade.ts(165,11): error TS2561: Object literal may only specify known properties, but 'unidade_id' does not exist in type 'CreateDiagramaDto'. Did you mean to write 'unidadeId'?
src/hooks/useDiagramaUnidade.ts(180,18): error TS2339: Property 'equipamentoId' does not exist on type 'ComponenteDU'.
src/hooks/useDiagramaUnidade.ts(182,62): error TS2339: Property 'equipamentoId' does not exist on type 'ComponenteDU'.
src/hooks/useDiagramaUnidade.ts(186,67): error TS2339: Property 'equipamentoId' does not exist on type 'ComponenteDU'.
src/hooks/useEquipamentoMqttData.ts(35,75): error TS2339: Property 'data' does not exist on type 'EquipamentoDadoLatest'.
src/hooks/useEquipamentoMqttData.ts(36,24): error TS2339: Property 'data' does not exist on type 'EquipamentoDadoLatest'.
src/hooks/useEquipamentoMqttData.ts(122,17): error TS2345: Argument of type '(prevData: EquipamentoDadoLatest | null) => { dado: { dados: any; timestamp_dados: any; qualidade: any; id?: string | undefined; fonte?: string | undefined; created_at?: string | undefined; }; equipamento: { ...; }; message?: string | undefined; } | null' is not assignable to parameter of type 'SetStateAction<EquipamentoDadoLatest | null>'.
  Type '(prevData: EquipamentoDadoLatest | null) => { dado: { dados: any; timestamp_dados: any; qualidade: any; id?: string | undefined; fonte?: string | undefined; created_at?: string | undefined; }; equipamento: { ...; }; message?: string | undefined; } | null' is not assignable to type '(prevState: EquipamentoDadoLatest | null) => EquipamentoDadoLatest | null'.
    Type '{ dado: { dados: any; timestamp_dados: any; qualidade: any; id?: string | undefined; fonte?: string | undefined; created_at?: string | undefined; }; equipamento: { id: string; nome: string; tipo: string; mqtt_habilitado?: boolean | undefined; topico_mqtt?: string | undefined; }; message?: string | undefined; } | null' is not assignable to type 'EquipamentoDadoLatest | null'.
      Type '{ dado: { dados: any; timestamp_dados: any; qualidade: any; id?: string | undefined; fonte?: string | undefined; created_at?: string | undefined; }; equipamento: { id: string; nome: string; tipo: string; mqtt_habilitado?: boolean; topico_mqtt?: string; }; message?: string; }' is not assignable to type 'EquipamentoDadoLatest'.
        The types of 'dado.id' are incompatible between these types.
          Type 'string | undefined' is not assignable to type 'string'.
            Type 'undefined' is not assignable to type 'string'.
src/hooks/useEquipamentoPowerHistory.ts(61,20): error TS2339: Property 'success' does not exist on type 'EquipamentoDadosHistory'.
src/hooks/useEquipamentoPowerHistory.ts(61,46): error TS2339: Property 'data' does not exist on type '{ id: string; dados: InversorMqttData; fonte: string; timestamp_dados: string; qualidade: string; created_at: string; }[]'.
src/hooks/useEquipamentoPowerHistory.ts(63,40): error TS2339: Property 'data' does not exist on type '{ id: string; dados: InversorMqttData; fonte: string; timestamp_dados: string; qualidade: string; created_at: string; }[]'.
src/hooks/useMqttWebSocket.ts(1,31): error TS6133: 'useCallback' is declared but its value is never read.
src/hooks/useUnidades.ts(50,46): error TS2345: Argument of type 'CreateUnidadeDto' is not assignable to parameter of type 'CreateUnidadeDto | UpdateUnidadeDto'.
  Type 'CreateUnidadeDto' is not assignable to type 'UpdateUnidadeDto'.
    Types of property 'tipo' are incompatible.
      Type 'TipoUnidadeNexon' is not assignable to type 'TipoUnidade | undefined'.
src/hooks/useUnidades.ts(56,62): error TS2345: Argument of type 'import("C:/Users/Public/aupus-service/AupusNexOn/src/types/unidades").CreateUnidadeDto' is not assignable to parameter of type 'import("C:/Users/Public/aupus-service/AupusNexOn/src/features/unidades/types/index").CreateUnidadeDto'.
  Type 'CreateUnidadeDto' is missing the following properties from type 'CreateUnidadeDto': planta_id, estado, cidade, latitude, longitude
src/hooks/useUnidades.ts(70,46): error TS2345: Argument of type 'UpdateUnidadeDto' is not assignable to parameter of type 'CreateUnidadeDto | UpdateUnidadeDto'.
  Type 'import("C:/Users/Public/aupus-service/AupusNexOn/src/types/unidades").UpdateUnidadeDto' is not assignable to type 'import("C:/Users/Public/aupus-service/AupusNexOn/src/features/unidades/types/index").UpdateUnidadeDto'.
    Types of property 'tipo' are incompatible.
      Type 'TipoUnidadeNexon | undefined' is not assignable to type 'TipoUnidade | undefined'.
        Type 'TipoUnidadeNexon.UFV' is not assignable to type 'TipoUnidade | undefined'.
src/hooks/useUnidades.ts(76,76): error TS2345: Argument of type 'import("C:/Users/Public/aupus-service/AupusNexOn/src/types/unidades").UpdateUnidadeDto' is not assignable to parameter of type 'import("C:/Users/Public/aupus-service/AupusNexOn/src/features/unidades/types/index").UpdateUnidadeDto'.
  Types of property 'tipo' are incompatible.
    Type 'TipoUnidadeNexon | undefined' is not assignable to type 'TipoUnidade | undefined'.
      Type 'TipoUnidadeNexon.UFV' is not assignable to type 'TipoUnidade | undefined'.
src/hooks/useUnidades.ts(164,64): error TS2345: Argument of type 'import("C:/Users/Public/aupus-service/AupusNexOn/src/types/unidades").CreateUnidadeDto[]' is not assignable to parameter of type 'import("C:/Users/Public/aupus-service/AupusNexOn/src/features/unidades/types/index").CreateUnidadeDto[]'.
  Type 'CreateUnidadeDto' is missing the following properties from type 'CreateUnidadeDto': planta_id, estado, cidade, latitude, longitude
src/hooks/useUserPermissions.ts(4,34): error TS6133: 'UserPermissionsResponse' is declared but its value is never read.
src/hooks/useUserPermissions.ts(4,59): error TS6133: 'UserPermissionsSummary' is declared but its value is never read.
src/pages/AppTemplate.tsx(16,9): error TS6133: 'user' is declared but its value is never read.
src/pages/AppTemplate.tsx(17,9): error TS6133: 'navigate' is declared but its value is never read.
src/pages/cadastrar-despesa/index.tsx(20,1): error TS6133: 'ToggleSwitch' is declared but its value is never read.
src/pages/cadastrar-despesa/index.tsx(148,9): error TS6133: 'prepararAnexosParaEnvio' is declared but its value is never read.
src/pages/cadastrar-despesa/index.tsx(178,32): error TS2339: Property 'descricao' does not exist on type '{ fornecedor: string; centroCusto: string; contrato: string; contaBanco: string; valor: string; valorPago: string; dataEmissao: string; vencimento: string; dataPagamento: string; status: string; formaPagamento: string; linkBoleto: string; pago: boolean; observacoes: string; }'.
src/pages/cadastrar-receita/index.tsx(20,1): error TS6133: 'ToggleSwitch' is declared but its value is never read.
src/pages/cadastrar-receita/index.tsx(148,9): error TS6133: 'prepararAnexosParaEnvio' is declared but its value is never read.
src/pages/cadastrar-receita/index.tsx(178,32): error TS2339: Property 'descricao' does not exist on type '{ cliente: string; centroCusto: string; contrato: string; contaBanco: string; valor: string; valorRecebido: string; dataEmissao: string; vencimento: string; dataRecebimento: string; status: string; formaRecebimento: string; linkBoleto: string; recebido: boolean; observacoes: string; }'.
src/pages/centros-custo/index.tsx(2,8): error TS6133: 'React' is declared but its value is never read.
src/pages/centros-custo/index.tsx(168,37): error TS2503: Cannot find namespace 'JSX'.
src/pages/contas-a-pagar/index.tsx(160,9): error TS2322: Type '"success"' is not assignable to type '"default" | "destructive" | null | undefined'.
src/pages/contas-a-pagar/index.tsx(218,32): error TS2322: Type 'Conta[]' is not assignable to type 'import("C:/Users/Public/aupus-service/AupusNexOn/src/types/dtos/financeiro").Conta[]'.
  Type 'Conta' is not assignable to type 'import("C:/Users/Public/aupus-service/AupusNexOn/src/types/dtos/financeiro").Conta'.
    Types of property 'id' are incompatible.
      Type 'string' is not assignable to type 'number'.
src/pages/contas-a-receber/index.tsx(30,5): error TS2322: Type 'string' is not assignable to type 'number'.
src/pages/contas-a-receber/index.tsx(44,5): error TS2322: Type 'string' is not assignable to type 'number'.
src/pages/contas-a-receber/index.tsx(56,5): error TS2322: Type 'string' is not assignable to type 'number'.
src/pages/contas-a-receber/index.tsx(68,5): error TS2322: Type 'string' is not assignable to type 'number'.
src/pages/contas-a-receber/index.tsx(80,5): error TS2322: Type 'string' is not assignable to type 'number'.
src/pages/contas-a-receber/index.tsx(94,5): error TS2322: Type 'string' is not assignable to type 'number'.
src/pages/contas-a-receber/index.tsx(106,5): error TS2322: Type 'string' is not assignable to type 'number'.
src/pages/contas-a-receber/index.tsx(118,5): error TS2322: Type 'string' is not assignable to type 'number'.
src/pages/contas-a-receber/index.tsx(130,5): error TS2322: Type 'string' is not assignable to type 'number'.
src/pages/contas-a-receber/index.tsx(142,5): error TS2322: Type 'string' is not assignable to type 'number'.
src/pages/contas-a-receber/index.tsx(156,5): error TS2322: Type 'string' is not assignable to type 'number'.
src/pages/contas-a-receber/index.tsx(168,5): error TS2322: Type 'string' is not assignable to type 'number'.
src/pages/contas-a-receber/index.tsx(203,9): error TS2322: Type '"success"' is not assignable to type '"default" | "destructive" | null | undefined'.
src/pages/contas-a-receber/index.tsx(261,34): error TS2322: Type 'Conta[]' is not assignable to type 'never[]'.
  Type 'Conta' is not assignable to type 'never'.
src/pages/contas-a-receber/index.tsx(305,13): error TS2322: Type 'Conta[]' is not assignable to type 'Receita[]'.
  Type 'Conta' is not assignable to type 'Receita'.
    Types of property 'id' are incompatible.
      Type 'number' is not assignable to type 'string'.
src/pages/contas-a-receber/index.tsx(306,13): error TS2322: Type 'number[]' is not assignable to type 'string[]'.
  Type 'number' is not assignable to type 'string'.
src/pages/contas-a-receber/index.tsx(307,13): error TS2322: Type 'Dispatch<SetStateAction<number[]>>' is not assignable to type '(selectedIds: string[]) => void'.
  Types of parameters 'value' and 'selectedIds' are incompatible.
    Type 'string[]' is not assignable to type 'SetStateAction<number[]>'.
      Type 'string[]' is not assignable to type 'number[]'.
        Type 'string' is not assignable to type 'number'.
src/pages/dashboard/index.tsx(4,26): error TS6133: 'useState' is declared but its value is never read.
src/pages/dashboard/index.tsx(14,3): error TS6133: 'WifiOff' is declared but its value is never read.
src/pages/dashboard/index.tsx(16,3): error TS6133: 'Loader2' is declared but its value is never read.
src/pages/dashboard/index.tsx(77,5): error TS6133: 'forceRefresh' is declared but its value is never read.
src/pages/dashboard/index.tsx(483,81): error TS2367: This comparison appears to be unintentional because the types '"ONLINE" | "ALERTA"' and '"FALHA"' have no overlap.
src/pages/dashboard/index.tsx(531,46): error TS2322: Type '"outline" | "warning"' is not assignable to type '"default" | "destructive" | "outline" | "secondary" | null | undefined'.
  Type '"warning"' is not assignable to type '"default" | "destructive" | "outline" | "secondary" | null | undefined'.
src/pages/dashboard/index.tsx(598,81): error TS2367: This comparison appears to be unintentional because the types '"ONLINE" | "ALERTA"' and '"FALHA"' have no overlap.
src/pages/dashboard/index.tsx(646,46): error TS2322: Type '"outline" | "warning"' is not assignable to type '"default" | "destructive" | "outline" | "secondary" | null | undefined'.
  Type '"warning"' is not assignable to type '"default" | "destructive" | "outline" | "secondary" | null | undefined'.
src/pages/dashboard/index.tsx(823,36): error TS2322: Type '"destructive" | "secondary" | "warning"' is not assignable to type '"default" | "destructive" | "outline" | "secondary" | null | undefined'.
  Type '"warning"' is not assignable to type '"default" | "destructive" | "outline" | "secondary" | null | undefined'.
src/pages/fluxo-de-caixa/index.tsx(7,1): error TS6133: 'FluxoCaixaTable' is declared but its value is never read.
src/pages/fluxo-de-caixa/index.tsx(78,37): error TS2503: Cannot find namespace 'JSX'.
src/pages/logs-eventos/index.tsx(397,9): error TS6133: 'handleVerDetalhes' is declared but its value is never read.
src/pages/scada/DiagramEditor/DiagramCanvas.tsx(78,13): error TS2322: Type '{ voltage?: { L1?: number | undefined; L2?: number | undefined; L3?: number | undefined; LN?: number | undefined; } | undefined; current?: { L1?: number | undefined; L2?: number | undefined; L3?: number | undefined; N?: number | undefined; } | undefined; ... 19 more ...; services?: { ...; } | undefined; }' is not assignable to type 'M300Reading'.
  Types of property 'voltage' are incompatible.
    Type '{ L1?: number | undefined; L2?: number | undefined; L3?: number | undefined; LN?: number | undefined; } | undefined' is not assignable to type '{ L1?: number | undefined; L2?: number | undefined; L3?: number | undefined; }'.
      Type 'undefined' is not assignable to type '{ L1?: number | undefined; L2?: number | undefined; L3?: number | undefined; }'.
src/pages/scada/DiagramEditor/DiagramCanvas.tsx(95,13): error TS2322: Type '{ voltage?: { L1?: number | undefined; L2?: number | undefined; L3?: number | undefined; LN?: number | undefined; } | undefined; current?: { L1?: number | undefined; L2?: number | undefined; L3?: number | undefined; N?: number | undefined; } | undefined; ... 19 more ...; services?: { ...; } | undefined; }' is not assignable to type 'M160Reading'.
  Types of property 'voltage' are incompatible.
    Type '{ L1?: number | undefined; L2?: number | undefined; L3?: number | undefined; LN?: number | undefined; } | undefined' is not assignable to type '{ L1?: number | undefined; L2?: number | undefined; L3?: number | undefined; LN?: number | undefined; }'.
      Type 'undefined' is not assignable to type '{ L1?: number | undefined; L2?: number | undefined; L3?: number | undefined; LN?: number | undefined; }'.
src/pages/scada/DiagramEditor/DiagramCanvas.tsx(114,13): error TS2322: Type '{ voltage?: { L1?: number | undefined; L2?: number | undefined; L3?: number | undefined; LN?: number | undefined; } | undefined; current?: { L1?: number | undefined; L2?: number | undefined; L3?: number | undefined; N?: number | undefined; } | undefined; ... 19 more ...; services?: { ...; } | undefined; } | { ...; }' is not assignable to type 'LandisGyrE750Reading'.
  Type '{ voltage?: { L1?: number | undefined; L2?: number | undefined; L3?: number | undefined; LN?: number | undefined; } | undefined; current?: { L1?: number | undefined; L2?: number | undefined; L3?: number | undefined; N?: number | undefined; } | undefined; ... 19 more ...; services?: { ...; } | undefined; }' is not assignable to type 'LandisGyrE750Reading'.
    Types of property 'voltage' are incompatible.
      Type '{ L1?: number | undefined; L2?: number | undefined; L3?: number | undefined; LN?: number | undefined; } | undefined' is not assignable to type '{ L1?: number | undefined; L2?: number | undefined; L3?: number | undefined; phaseAngles?: { L1?: number | undefined; L2?: number | undefined; L3?: number | undefined; } | undefined; }'.
        Type 'undefined' is not assignable to type '{ L1?: number | undefined; L2?: number | undefined; L3?: number | undefined; phaseAngles?: { L1?: number | undefined; L2?: number | undefined; L3?: number | undefined; } | undefined; }'.
src/pages/scada/DiagramEditor/DiagramCanvas.tsx(145,15): error TS2322: Type '{ modbus?: { status: "error" | "connected" | "disconnected"; devices?: number | undefined; } | undefined; ssu?: { status: "error" | "connected" | "disconnected"; devices?: number | undefined; } | undefined; pulse?: { ...; } | undefined; }' is not assignable to type '{ modbus?: A966Communication | undefined; ssu?: A966Communication | undefined; pulse?: A966Communication | undefined; }'.
  Types of property 'modbus' are incompatible.
    Type '{ status: "error" | "connected" | "disconnected"; devices?: number | undefined; } | undefined' is not assignable to type 'A966Communication | undefined'.
      Type '{ status: "error" | "connected" | "disconnected"; devices?: number | undefined; }' is missing the following properties from type 'A966Communication': protocol, interface
src/pages/scada/DiagramEditor/DiagramCanvas.tsx(146,15): error TS2322: Type '{ mqttWifi?: { status: "error" | "connected" | "disconnected"; } | undefined; mqttEthernet?: { status: "error" | "connected" | "disconnected"; } | undefined; }' is not assignable to type '{ mqttWifi?: A966Communication | undefined; mqttEthernet?: A966Communication | undefined; }'.
  Types of property 'mqttWifi' are incompatible.
    Type '{ status: "error" | "connected" | "disconnected"; } | undefined' is not assignable to type 'A966Communication | undefined'.
      Type '{ status: "error" | "connected" | "disconnected"; }' is missing the following properties from type 'A966Communication': protocol, interface
src/pages/scada/DiagramEditor/DiagramCanvas.tsx(148,15): error TS2322: Type '{ ipAddress?: string | undefined; macAddress?: string | undefined; ssid?: string | undefined; gateway?: string | undefined; connectionType?: "both" | "wifi" | "ethernet" | undefined; }' is not assignable to type '{ ipAddress?: string | undefined; macAddress?: string | undefined; ssid?: string | undefined; gateway?: string | undefined; connectionType: "both" | "wifi" | "ethernet"; }'.
  Types of property 'connectionType' are incompatible.
    Type '"both" | "wifi" | "ethernet" | undefined' is not assignable to type '"both" | "wifi" | "ethernet"'.
      Type 'undefined' is not assignable to type '"both" | "wifi" | "ethernet"'.
src/pages/settings/index.tsx(12,11): error TS2322: Type '{ title: string; description: string; hiddenSelect: true; }' is not assignable to type 'IntrinsicAttributes & TitleCardProps'.
  Property 'hiddenSelect' does not exist on type 'IntrinsicAttributes & TitleCardProps'.
src/pages/supervisorio/coa-versao-atual-temp.tsx(3,26): error TS6133: 'useState' is declared but its value is never read.
src/pages/supervisorio/coa-versao-atual-temp.tsx(4,24): error TS2307: Cannot find module '@/features/layout/components/layout' or its corresponding type declarations.
src/pages/supervisorio/coa-versao-atual-temp.tsx(242,48): error TS2339: Property 'totalGeradores' does not exist on type '{ totalGeracao: number; totalConsumo: number; balancoRede: number; totalUnidades: number; unidadesOnline: number; alertasAtivos: number; }'.
src/pages/supervisorio/coa-versao-atual-temp.tsx(249,48): error TS2339: Property 'totalCargas' does not exist on type '{ totalGeracao: number; totalConsumo: number; balancoRede: number; totalUnidades: number; unidadesOnline: number; alertasAtivos: number; }'.
src/pages/supervisorio/coa-versao-atual-temp.tsx(313,32): error TS2322: Type '"secondary" | "success"' is not assignable to type '"default" | "destructive" | "outline" | "secondary" | null | undefined'.
  Type '"success"' is not assignable to type '"default" | "destructive" | "outline" | "secondary" | null | undefined'.
src/pages/supervisorio/coa-versao-atual-temp.tsx(392,34): error TS2322: Type '"destructive" | "secondary" | "warning"' is not assignable to type '"default" | "destructive" | "outline" | "secondary" | null | undefined'.
  Type '"warning"' is not assignable to type '"default" | "destructive" | "outline" | "secondary" | null | undefined'.
src/pages/supervisorio/coa.tsx(3,26): error TS6133: 'useState' is declared but its value is never read.
src/pages/supervisorio/coa.tsx(4,24): error TS2307: Cannot find module '@/features/layout/components/layout' or its corresponding type declarations.
src/pages/supervisorio/coa.tsx(13,3): error TS6133: 'WifiOff' is declared but its value is never read.
src/pages/supervisorio/coa.tsx(276,48): error TS2339: Property 'totalGeradores' does not exist on type '{ totalGeracao: number; totalConsumo: number; balancoRede: number; totalUnidades: number; unidadesOnline: number; alertasAtivos: number; }'.
src/pages/supervisorio/coa.tsx(283,48): error TS2339: Property 'totalCargas' does not exist on type '{ totalGeracao: number; totalConsumo: number; balancoRede: number; totalUnidades: number; unidadesOnline: number; alertasAtivos: number; }'.
src/pages/supervisorio/coa.tsx(503,34): error TS2322: Type '"destructive" | "secondary" | "warning"' is not assignable to type '"default" | "destructive" | "outline" | "secondary" | null | undefined'.
  Type '"warning"' is not assignable to type '"default" | "destructive" | "outline" | "secondary" | null | undefined'.
src/pages/supervisorio/demo-mqtt.tsx(58,7): error TS2322: Type '{ children: (false | Element)[]; title: string; breadcrumbs: { label: string; }[]; }' is not assignable to type 'IntrinsicAttributes & { children: ReactNode; className?: string | undefined; asidePosition?: "right" | "left" | undefined; }'.
  Property 'title' does not exist on type 'IntrinsicAttributes & { children: ReactNode; className?: string | undefined; asidePosition?: "right" | "left" | undefined; }'.
src/pages/supervisorio/demo-mqtt.tsx(64,11): error TS2322: Type '{ title: string; subtitle: string; }' is not assignable to type 'IntrinsicAttributes & TitleCardProps'.
  Property 'subtitle' does not exist on type 'IntrinsicAttributes & TitleCardProps'.
src/pages/supervisorio/diagrama-mqtt.tsx(75,15): error TS2322: Type '{ title: string; subtitle: string; icon: Element; }' is not assignable to type 'IntrinsicAttributes & TitleCardProps'.
  Property 'subtitle' does not exist on type 'IntrinsicAttributes & TitleCardProps'.
src/pages/supervisorio/logs-eventos.tsx(29,3): error TS6133: 'CheckSquare' is declared but its value is never read.
src/pages/supervisorio/logs-eventos.tsx(33,3): error TS6133: 'Filter' is declared but its value is never read.
src/pages/supervisorio/logs-eventos.tsx(385,34): error TS2503: Cannot find namespace 'JSX'.
src/pages/supervisorio/selecionar-unidade.tsx(88,13): error TS2322: Type '{ children: Element; title: string; breadcrumbs: { label: string; }[]; }' is not assignable to type 'IntrinsicAttributes & { children: ReactNode; className?: string | undefined; asidePosition?: "right" | "left" | undefined; }'.
  Property 'title' does not exist on type 'IntrinsicAttributes & { children: ReactNode; className?: string | undefined; asidePosition?: "right" | "left" | undefined; }'.
src/pages/supervisorio/selecionar-unidade.tsx(92,11): error TS2322: Type '{ title: string; subtitle: string; }' is not assignable to type 'IntrinsicAttributes & TitleCardProps'.
  Property 'subtitle' does not exist on type 'IntrinsicAttributes & TitleCardProps'.
src/pages/supervisorio/sinoptico-ativo/index.tsx(8,3): error TS6133: 'BarChart3' is declared but its value is never read.
src/pages/supervisorio/sinoptico-ativo/index.tsx(51,1): error TS6133: 'SinopticoGraficos' is declared but its value is never read.
src/pages/supervisorio/sinoptico-ativo/index.tsx(53,1): error TS6133: 'SinopticoIndicadores' is declared but its value is never read.
src/pages/supervisorio/sinoptico-ativo/index.tsx(76,11): error TS6196: 'ComponenteDUBackup' is declared but never used.
src/pages/supervisorio/sinoptico-ativo/index.tsx(104,7): error TS6133: 'TIPOS_COMPONENTES' is declared but its value is never read.
src/pages/supervisorio/sinoptico-ativo/index.tsx(1402,10): error TS6133: 'LandisGyrModalInline' is declared but its value is never read.
src/pages/supervisorio/sinoptico-ativo/index.tsx(1424,6): error TS2304: Cannot find name 'Dialog'.
src/pages/supervisorio/sinoptico-ativo/index.tsx(1425,8): error TS2304: Cannot find name 'DialogContent'.
src/pages/supervisorio/sinoptico-ativo/index.tsx(1426,10): error TS2304: Cannot find name 'DialogHeader'.
src/pages/supervisorio/sinoptico-ativo/index.tsx(1427,12): error TS2304: Cannot find name 'DialogTitle'.
src/pages/supervisorio/sinoptico-ativo/index.tsx(1430,13): error TS2304: Cannot find name 'DialogTitle'.
src/pages/supervisorio/sinoptico-ativo/index.tsx(1431,11): error TS2304: Cannot find name 'DialogHeader'.
src/pages/supervisorio/sinoptico-ativo/index.tsx(1449,9): error TS2304: Cannot find name 'DialogContent'.
src/pages/supervisorio/sinoptico-ativo/index.tsx(1450,7): error TS2304: Cannot find name 'Dialog'.
src/pages/supervisorio/sinoptico-ativo/index.tsx(1480,10): error TS6133: 'errorDiagrama' is declared but its value is never read.
src/pages/supervisorio/sinoptico-ativo/index.tsx(1485,9): error TS6133: 'reloadDiagrama' is declared but its value is never read.
src/pages/supervisorio/sinoptico-ativo/index.tsx(1520,74): error TS2339: Property 'data' does not exist on type 'EquipamentoApiResponse[]'.
src/pages/supervisorio/sinoptico-ativo/index.tsx(1521,37): error TS2339: Property 'data' does not exist on type 'EquipamentoApiResponse[]'.
src/pages/supervisorio/sinoptico-ativo/index.tsx(1689,9): error TS6198: All destructured elements are unused.
src/pages/supervisorio/sinoptico-ativo/index.tsx(1792,10): error TS6133: 'ativoData' is declared but its value is never read.
src/pages/supervisorio/sinoptico-ativo/index.tsx(1811,25): error TS6133: 'setHistoricoMqtt' is declared but its value is never read.
src/pages/supervisorio/sinoptico-ativo/index.tsx(1893,9): error TS6133: 'indicadores' is declared but its value is never read.
src/pages/supervisorio/sinoptico-ativo/index.tsx(1894,19): error TS2339: Property 'payload' does not exist on type 'never'.
src/pages/supervisorio/sinoptico-ativo/index.tsx(1896,34): error TS2339: Property 'payload' does not exist on type 'never'.
src/pages/supervisorio/sinoptico-ativo/index.tsx(2072,9): error TS6133: 'dadosM160' is declared but its value is never read.
src/pages/supervisorio/sinoptico-ativo/index.tsx(2072,20): error TS2304: Cannot find name 'M160Reading'.
src/pages/supervisorio/sinoptico-ativo/index.tsx(2128,9): error TS6133: 'dadosA966' is declared but its value is never read.
src/pages/supervisorio/sinoptico-ativo/index.tsx(2184,9): error TS6133: 'dadosLandisGyr' is declared but its value is never read.
src/pages/supervisorio/sinoptico-ativo/index.tsx(2277,11): error TS2367: This comparison appears to be unintentional because the types '"MOTOR" | "TRANSFORMADOR" | "MEDIDOR" | "INVERSOR" | "CAPACITOR" | "DISJUNTOR" | "DISJUNTOR_FECHADO" | "DISJUNTOR_ABERTO" | "CHAVE_FUSIVEL" | "BARRAMENTO"' and '"PIVO"' have no overlap.
src/pages/supervisorio/sinoptico-ativo/index.tsx(2541,11): error TS2353: Object literal may only specify known properties, and 'tag' does not exist in type 'ComponenteDU'.
src/pages/supervisorio/sinoptico-ativo/index.tsx(2581,11): error TS2345: Argument of type 'string | undefined' is not assignable to parameter of type 'string'.
  Type 'undefined' is not assignable to type 'string'.
src/pages/supervisorio/sinoptico-ativo/index.tsx(2604,11): error TS2322: Type 'string' is not assignable to type '"MOTOR" | "TRANSFORMADOR" | "MEDIDOR" | "INVERSOR" | "CAPACITOR" | "DISJUNTOR" | "DISJUNTOR_FECHADO" | "DISJUNTOR_ABERTO" | "CHAVE_FUSIVEL" | "BARRAMENTO"'.
src/pages/supervisorio/sinoptico-ativo/index.tsx(2626,9): error TS2322: Type 'string' is not assignable to type '"MOTOR" | "TRANSFORMADOR" | "MEDIDOR" | "INVERSOR" | "CAPACITOR" | "DISJUNTOR" | "DISJUNTOR_FECHADO" | "DISJUNTOR_ABERTO" | "CHAVE_FUSIVEL" | "BARRAMENTO"'.
src/pages/supervisorio/sinoptico-ativo/index.tsx(2727,26): error TS2322: Type 'ComponenteDU | JunctionNodeData' is not assignable to type 'ComponenteDU'.
  Type 'JunctionNodeData' is not assignable to type 'ComponenteDU'.
    Types of property 'tipo' are incompatible.
      Type '"JUNCTION"' is not assignable to type '"MOTOR" | "TRANSFORMADOR" | "MEDIDOR" | "INVERSOR" | "CAPACITOR" | "DISJUNTOR" | "DISJUNTOR_FECHADO" | "DISJUNTOR_ABERTO" | "CHAVE_FUSIVEL" | "BARRAMENTO"'.
src/pages/supervisorio/sinoptico-ativo/index.tsx(2727,42): error TS2322: Type 'JunctionNodeData' is not assignable to type 'ComponenteDU'.
  Types of property 'tipo' are incompatible.
    Type '"JUNCTION"' is not assignable to type '"MOTOR" | "TRANSFORMADOR" | "MEDIDOR" | "INVERSOR" | "CAPACITOR" | "DISJUNTOR" | "DISJUNTOR_FECHADO" | "DISJUNTOR_ABERTO" | "CHAVE_FUSIVEL" | "BARRAMENTO"'.
src/pages/supervisorio/sinoptico-ativo/index.tsx(2811,25): error TS2339: Property 'rotacao' does not exist on type 'ComponenteDU'.
src/pages/supervisorio/sinoptico-ativo/index.tsx(2878,54): error TS2339: Property 'source' does not exist on type 'Connection'.
src/pages/supervisorio/sinoptico-ativo/index.tsx(2879,54): error TS2339: Property 'target' does not exist on type 'Connection'.
src/pages/supervisorio/sinoptico-ativo/index.tsx(2883,39): error TS2339: Property 'source' does not exist on type 'Connection'.
src/pages/supervisorio/sinoptico-ativo/index.tsx(2884,35): error TS2339: Property 'target' does not exist on type 'Connection'.
src/pages/supervisorio/sinoptico-ativo/index.tsx(2896,54): error TS2339: Property 'source' does not exist on type 'Connection'.
src/pages/supervisorio/sinoptico-ativo/index.tsx(2897,27): error TS2339: Property 'sourceHandle' does not exist on type 'Connection'.
src/pages/supervisorio/sinoptico-ativo/index.tsx(2900,54): error TS2339: Property 'target' does not exist on type 'Connection'.
src/pages/supervisorio/sinoptico-ativo/index.tsx(2901,27): error TS2339: Property 'targetHandle' does not exist on type 'Connection'.
src/pages/supervisorio/sinoptico-ativo/index.tsx(2905,23): error TS2339: Property 'style' does not exist on type 'Connection'.
src/pages/supervisorio/sinoptico-ativo/index.tsx(3409,25): error TS2322: Type '(componente: ComponenteDU, event?: React.MouseEvent) => void' is not assignable to type '(componente: ComponenteDU, event?: MouseEvent<Element, MouseEvent> | undefined) => void'.
  Types of parameters 'componente' and 'componente' are incompatible.
    Type 'ComponenteDU' is not assignable to type 'import("C:/Users/Public/aupus-service/AupusNexOn/src/types/dtos/sinoptico-ativo").ComponenteDU'.
      Types of property 'tipo' are incompatible.
        Type 'string' is not assignable to type '"MOTOR" | "TRANSFORMADOR" | "MEDIDOR" | "INVERSOR" | "CAPACITOR" | "DISJUNTOR" | "DISJUNTOR_FECHADO" | "DISJUNTOR_ABERTO" | "CHAVE_FUSIVEL" | "BARRAMENTO"'.
src/pages/supervisorio/sinoptico-ativo/index.tsx(3495,21): error TS2322: Type '(componente: ComponenteDU, event?: React.MouseEvent) => void' is not assignable to type '(componente: ComponenteDU, event?: MouseEvent<Element, MouseEvent> | undefined) => void'.
  Types of parameters 'componente' and 'componente' are incompatible.
    Type 'ComponenteDU' is not assignable to type 'import("C:/Users/Public/aupus-service/AupusNexOn/src/types/dtos/sinoptico-ativo").ComponenteDU'.
      Types of property 'tipo' are incompatible.
        Type 'string' is not assignable to type '"MOTOR" | "TRANSFORMADOR" | "MEDIDOR" | "INVERSOR" | "CAPACITOR" | "DISJUNTOR" | "DISJUNTOR_FECHADO" | "DISJUNTOR_ABERTO" | "CHAVE_FUSIVEL" | "BARRAMENTO"'.
src/pages/supervisorio/sinoptico-ativo/index.tsx(3504,39): error TS2367: This comparison appears to be unintentional because the types '"MOTOR" | "TRANSFORMADOR" | "MEDIDOR" | "INVERSOR" | "CAPACITOR" | "DISJUNTOR" | "DISJUNTOR_FECHADO" | "DISJUNTOR_ABERTO" | "CHAVE_FUSIVEL" | "BARRAMENTO"' and '"PONTO"' have no overlap.
src/pages/supervisorio/sinoptico-ativo/index.tsx(3504,64): error TS2367: This comparison appears to be unintentional because the types '"MOTOR" | "TRANSFORMADOR" | "MEDIDOR" | "INVERSOR" | "CAPACITOR" | "DISJUNTOR" | "DISJUNTOR_FECHADO" | "DISJUNTOR_ABERTO" | "CHAVE_FUSIVEL" | "BARRAMENTO"' and '"JUNCTION"' have no overlap.
src/pages/supervisorio/sinoptico-ativo/index.tsx(3524,28): error TS2367: This comparison appears to be unintentional because the types '"MOTOR" | "TRANSFORMADOR" | "MEDIDOR" | "INVERSOR" | "CAPACITOR" | "DISJUNTOR" | "DISJUNTOR_FECHADO" | "DISJUNTOR_ABERTO" | "CHAVE_FUSIVEL" | "BARRAMENTO"' and '"JUNCTION"' have no overlap.
src/pages/supervisorio/sinoptico-ativo/index.tsx(3524,62): error TS2367: This comparison appears to be unintentional because the types '"MOTOR" | "TRANSFORMADOR" | "MEDIDOR" | "INVERSOR" | "CAPACITOR" | "DISJUNTOR" | "DISJUNTOR_FECHADO" | "DISJUNTOR_ABERTO" | "CHAVE_FUSIVEL" | "BARRAMENTO"' and '"PONTO"' have no overlap.
src/pages/supervisorio/sinoptico-ativo/index.tsx(3537,39): error TS2367: This comparison appears to be unintentional because the types '"MOTOR" | "TRANSFORMADOR" | "MEDIDOR" | "INVERSOR" | "CAPACITOR" | "DISJUNTOR" | "DISJUNTOR_FECHADO" | "DISJUNTOR_ABERTO" | "CHAVE_FUSIVEL" | "BARRAMENTO"' and '"PONTO"' have no overlap.
src/pages/supervisorio/sinoptico-ativo/index.tsx(3537,64): error TS2367: This comparison appears to be unintentional because the types '"MOTOR" | "TRANSFORMADOR" | "MEDIDOR" | "INVERSOR" | "CAPACITOR" | "DISJUNTOR" | "DISJUNTOR_FECHADO" | "DISJUNTOR_ABERTO" | "CHAVE_FUSIVEL" | "BARRAMENTO"' and '"JUNCTION"' have no overlap.
src/pages/supervisorio/sinoptico-ativo/index.tsx(3663,39): error TS2367: This comparison appears to be unintentional because the types '"MOTOR" | "TRANSFORMADOR" | "MEDIDOR" | "INVERSOR" | "CAPACITOR" | "DISJUNTOR" | "DISJUNTOR_FECHADO" | "DISJUNTOR_ABERTO" | "CHAVE_FUSIVEL" | "BARRAMENTO"' and '"PONTO"' have no overlap.
src/pages/supervisorio/sinoptico-ativo/index.tsx(3663,64): error TS2367: This comparison appears to be unintentional because the types '"MOTOR" | "TRANSFORMADOR" | "MEDIDOR" | "INVERSOR" | "CAPACITOR" | "DISJUNTOR" | "DISJUNTOR_FECHADO" | "DISJUNTOR_ABERTO" | "CHAVE_FUSIVEL" | "BARRAMENTO"' and '"JUNCTION"' have no overlap.
src/pages/supervisorio/sinoptico-ativo/index.tsx(3916,30): error TS2345: Argument of type '(prev: ComponenteDU[]) => (ComponenteDU | { status: "INATIVO"; dados: any; id: string; tipo: "MOTOR" | "TRANSFORMADOR" | "MEDIDOR" | "INVERSOR" | "CAPACITOR" | ... 4 more ... | "BARRAMENTO"; nome: string; posicao: { ...; }; })[]' is not assignable to parameter of type 'SetStateAction<ComponenteDU[]>'.
  Type '(prev: ComponenteDU[]) => (ComponenteDU | { status: "INATIVO"; dados: any; id: string; tipo: "MOTOR" | "TRANSFORMADOR" | "MEDIDOR" | "INVERSOR" | "CAPACITOR" | ... 4 more ... | "BARRAMENTO"; nome: string; posicao: { ...; }; })[]' is not assignable to type '(prevState: ComponenteDU[]) => ComponenteDU[]'.
    Type '(ComponenteDU | { status: "INATIVO"; dados: any; id: string; tipo: "MOTOR" | "TRANSFORMADOR" | "MEDIDOR" | "INVERSOR" | "CAPACITOR" | "DISJUNTOR" | "DISJUNTOR_FECHADO" | "DISJUNTOR_ABERTO" | "CHAVE_FUSIVEL" | "BARRAMENTO"; nome: string; posicao: { ...; }; })[]' is not assignable to type 'ComponenteDU[]'.
      Type 'ComponenteDU | { status: "INATIVO"; dados: any; id: string; tipo: "MOTOR" | "TRANSFORMADOR" | "MEDIDOR" | "INVERSOR" | "CAPACITOR" | "DISJUNTOR" | "DISJUNTOR_FECHADO" | "DISJUNTOR_ABERTO" | "CHAVE_FUSIVEL" | "BARRAMENTO"; nome: string; posicao: { ...; }; }' is not assignable to type 'ComponenteDU'.
        Type '{ status: "INATIVO"; dados: any; id: string; tipo: "MEDIDOR" | "TRANSFORMADOR" | "INVERSOR" | "MOTOR" | "CAPACITOR" | "DISJUNTOR" | "DISJUNTOR_FECHADO" | "DISJUNTOR_ABERTO" | "CHAVE_FUSIVEL" | "BARRAMENTO"; nome: string; posicao: { x: number; y: number; }; }' is not assignable to type 'ComponenteDU'.
          Types of property 'status' are incompatible.
            Type '"INATIVO"' is not assignable to type '"FALHA" | "ALARME" | "NORMAL"'.
src/pages/supervisorio/sinoptico-ativo/index.tsx(3998,11): error TS2322: Type '{ status: string; estadoMola: string; corrente: number; ultimaOperacao: string; numeroOperacoes: number; }' is not assignable to type 'DadosDisjuntor'.
  Types of property 'status' are incompatible.
    Type 'string' is not assignable to type '"ABERTO" | "FECHADO"'.
src/pages/supervisorio/sinoptico-ativo/index.tsx(4047,11): error TS2322: Type '{ status: string; estadoMola: string; corrente: number; ultimaOperacao: string; numeroOperacoes: number; }' is not assignable to type 'DadosDisjuntor'.
  Types of property 'status' are incompatible.
    Type 'string' is not assignable to type '"ABERTO" | "FECHADO"'.
src/pages/supervisorio/sinoptico.tsx(2,1): error TS6133: 'TitleCard' is declared but its value is never read.
src/pages/supervisorio/sinoptico.tsx(4,1): error TS6133: 'Button' is declared but its value is never read.
src/pages/supervisorio/sinoptico.tsx(5,29): error TS6133: 'CardHeader' is declared but its value is never read.
src/pages/supervisorio/sinoptico.tsx(5,41): error TS6133: 'CardTitle' is declared but its value is never read.
src/pages/supervisorio/sinoptico.tsx(14,3): error TS6133: 'Activity' is declared but its value is never read.
src/pages/supervisorio/sinoptico.tsx(15,3): error TS6133: 'AlertTriangle' is declared but its value is never read.
src/pages/supervisorio/sinoptico.tsx(16,3): error TS6133: 'ArrowLeft' is declared but its value is never read.
src/pages/supervisorio/sinoptico.tsx(17,3): error TS6133: 'CheckCircle' is declared but its value is never read.
src/pages/supervisorio/sinoptico.tsx(19,3): error TS6133: 'XCircle' is declared but its value is never read.
src/pages/supervisorio/sinoptico.tsx(20,3): error TS6133: 'AlertCircle' is declared but its value is never read.
src/pages/supervisorio/sinoptico.tsx(21,3): error TS6133: 'Wrench' is declared but its value is never read.
src/pages/supervisorio/sinoptico.tsx(22,3): error TS6133: 'Thermometer' is declared but its value is never read.
src/pages/supervisorio/sinoptico.tsx(25,3): error TS6133: 'RotateCcw' is declared but its value is never read.
src/pages/supervisorio/sinoptico.tsx(26,3): error TS6133: 'Battery' is declared but its value is never read.
src/pages/supervisorio/sinoptico.tsx(27,3): error TS6133: 'ToggleLeft' is declared but its value is never read.
src/pages/supervisorio/sinoptico.tsx(28,3): error TS6133: 'ToggleRight' is declared but its value is never read.
src/pages/supervisorio/sinoptico.tsx(29,3): error TS6133: 'TrendingUp' is declared but its value is never read.
src/pages/supervisorio/sinoptico.tsx(32,1): error TS6192: All imports in import declaration are unused.
src/pages/supervisorio/sinoptico.tsx(33,1): error TS6192: All imports in import declaration are unused.
src/pages/supervisorio/sinoptico.tsx(57,11): error TS6196: 'InversorSolar' is declared but never used.
src/pages/supervisorio/sinoptico.tsx(71,11): error TS6196: 'MotorEletrico' is declared but never used.
src/pages/supervisorio/sinoptico.tsx(82,11): error TS6196: 'BancoCapacitores' is declared but never used.
src/pages/supervisorio/sinoptico.tsx(91,11): error TS6196: 'DisjuntorChave' is declared but never used.
src/pages/supervisorio/sinoptico.tsx(102,7): error TS6133: 'useDadosTempoReal' is declared but its value is never read.
src/pages/supervisorio/sinoptico.tsx(164,7): error TS6133: 'useHistoricoDados' is declared but its value is never read.
src/pages/supervisorio/sinoptico.tsx(164,28): error TS6133: 'ativoId' is declared but its value is never read.
src/pages/supervisorio/sinoptico.tsx(198,7): error TS6133: 'MedidorEnergiaModal' is declared but its value is never read.
src/pages/supervisorio/sinoptico.tsx(278,7): error TS6133: 'TransformadorModal' is declared but its value is never read.
src/pages/teste-inversor-mqtt.tsx(37,11): error TS2322: Type '{ title: string; subtitle: string; icon: Element; }' is not assignable to type 'IntrinsicAttributes & TitleCardProps'.
  Property 'subtitle' does not exist on type 'IntrinsicAttributes & TitleCardProps'.
src/pages/usinas/index.tsx(2,8): error TS6133: 'React' is declared but its value is never read.
src/pages/usinas/index.tsx(104,17): error TS2322: Type '{ id: number; nome: string; lat: number; lng: number; status: string; potencia: number; }[]' is not assignable to type 'Usina[]'.
  Type '{ id: number; nome: string; lat: number; lng: number; status: string; potencia: number; }' is not assignable to type 'Usina'.
    Types of property 'status' are incompatible.
      Type 'string' is not assignable to type '"alerta" | "operacao" | "falha"'.
src/pages/usinas/index.tsx(119,11): error TS2322: Type '{ id: number; nome: string; lat: number; lng: number; status: string; potencia: number; } | null | undefined' is not assignable to type 'Usina | null'.
  Type 'undefined' is not assignable to type 'Usina | null'.
src/services/auth.service.ts(5,3): error TS6133: 'RefreshTokenDto' is declared but its value is never read.
src/services/tipos-equipamentos.services.ts(75,53): error TS2339: Property 'data' does not exist on type 'never'.
src/services/tipos-equipamentos.services.ts(77,35): error TS2339: Property 'data' does not exist on type 'never'.
src/services/usuarios.services.ts(155,11): error TS2367: This comparison appears to be unintentional because the types 'UsuarioStatus.INATIVO | UsuarioStatus.PENDENTE | UsuarioStatus.BLOQUEADO' and '"ativo"' have no overlap.
src/services/usuarios.services.ts(156,11): error TS2367: This comparison appears to be unintentional because the types 'UsuarioStatus.INATIVO | UsuarioStatus.PENDENTE | UsuarioStatus.BLOQUEADO' and '"Ativo"' have no overlap.
src/services/usuarios.services.ts(178,13): error TS6133: 'response' is declared but its value is never read.
src/services/usuarios.services.ts(312,7): error TS1117: An object literal cannot have multiple properties with the same name.
src/services/usuarios.services.ts(314,7): error TS1117: An object literal cannot have multiple properties with the same name.
src/services/usuarios.services.ts(331,7): error TS1117: An object literal cannot have multiple properties with the same name.
src/services/usuarios.services.ts(333,7): error TS1117: An object literal cannot have multiple properties with the same name.
src/store/useUserStore.ts(40,50): error TS2339: Property 'name' does not exist on type 'string | Role'.
  Property 'name' does not exist on type 'string'.
src/test/setup.ts(8,25): error TS2307: Cannot find module '@testing-library/react' or its corresponding type declarations.
src/test/setup.ts(9,38): error TS2307: Cannot find module 'vitest' or its corresponding type declarations.
src/test/setup.ts(35,17): error TS6133: 'callback' is declared but its value is never read.
